Archive member included to satisfy reference by file (symbol)

d:/stm32cubeide1.5/stm32cubeide_1.5.0/stm32cubeide/plugins/com.st.stm32cube.ide.mcu.externaltools.gnu-tools-for-stm32.7-2018-q2-update.win32_1.5.0.202011040924/tools/bin/../lib/gcc/arm-none-eabi/7.3.1/../../../../arm-none-eabi/lib/thumb/v7-m\libc_nano.a(lib_a-errno.o)
                              Core/Src/syscalls.o (__errno)
d:/stm32cubeide1.5/stm32cubeide_1.5.0/stm32cubeide/plugins/com.st.stm32cube.ide.mcu.externaltools.gnu-tools-for-stm32.7-2018-q2-update.win32_1.5.0.202011040924/tools/bin/../lib/gcc/arm-none-eabi/7.3.1/../../../../arm-none-eabi/lib/thumb/v7-m\libc_nano.a(lib_a-exit.o)
                              d:/stm32cubeide1.5/stm32cubeide_1.5.0/stm32cubeide/plugins/com.st.stm32cube.ide.mcu.externaltools.gnu-tools-for-stm32.7-2018-q2-update.win32_1.5.0.202011040924/tools/bin/../lib/gcc/arm-none-eabi/7.3.1/../../../../arm-none-eabi/lib/thumb/v7-m/crt0.o (exit)
d:/stm32cubeide1.5/stm32cubeide_1.5.0/stm32cubeide/plugins/com.st.stm32cube.ide.mcu.externaltools.gnu-tools-for-stm32.7-2018-q2-update.win32_1.5.0.202011040924/tools/bin/../lib/gcc/arm-none-eabi/7.3.1/../../../../arm-none-eabi/lib/thumb/v7-m\libc_nano.a(lib_a-impure.o)
                              d:/stm32cubeide1.5/stm32cubeide_1.5.0/stm32cubeide/plugins/com.st.stm32cube.ide.mcu.externaltools.gnu-tools-for-stm32.7-2018-q2-update.win32_1.5.0.202011040924/tools/bin/../lib/gcc/arm-none-eabi/7.3.1/../../../../arm-none-eabi/lib/thumb/v7-m\libc_nano.a(lib_a-exit.o) (_global_impure_ptr)
d:/stm32cubeide1.5/stm32cubeide_1.5.0/stm32cubeide/plugins/com.st.stm32cube.ide.mcu.externaltools.gnu-tools-for-stm32.7-2018-q2-update.win32_1.5.0.202011040924/tools/bin/../lib/gcc/arm-none-eabi/7.3.1/../../../../arm-none-eabi/lib/thumb/v7-m\libc_nano.a(lib_a-init.o)
                              d:/stm32cubeide1.5/stm32cubeide_1.5.0/stm32cubeide/plugins/com.st.stm32cube.ide.mcu.externaltools.gnu-tools-for-stm32.7-2018-q2-update.win32_1.5.0.202011040924/tools/bin/../lib/gcc/arm-none-eabi/7.3.1/../../../../arm-none-eabi/lib/thumb/v7-m/crt0.o (__libc_init_array)
d:/stm32cubeide1.5/stm32cubeide_1.5.0/stm32cubeide/plugins/com.st.stm32cube.ide.mcu.externaltools.gnu-tools-for-stm32.7-2018-q2-update.win32_1.5.0.202011040924/tools/bin/../lib/gcc/arm-none-eabi/7.3.1/../../../../arm-none-eabi/lib/thumb/v7-m\libc_nano.a(lib_a-locale.o)
                              Core/Src/cJSON.o (__locale_ctype_ptr)
d:/stm32cubeide1.5/stm32cubeide_1.5.0/stm32cubeide/plugins/com.st.stm32cube.ide.mcu.externaltools.gnu-tools-for-stm32.7-2018-q2-update.win32_1.5.0.202011040924/tools/bin/../lib/gcc/arm-none-eabi/7.3.1/../../../../arm-none-eabi/lib/thumb/v7-m\libc_nano.a(lib_a-malloc.o)
                              Core/Src/cJSON.o (malloc)
d:/stm32cubeide1.5/stm32cubeide_1.5.0/stm32cubeide/plugins/com.st.stm32cube.ide.mcu.externaltools.gnu-tools-for-stm32.7-2018-q2-update.win32_1.5.0.202011040924/tools/bin/../lib/gcc/arm-none-eabi/7.3.1/../../../../arm-none-eabi/lib/thumb/v7-m\libc_nano.a(lib_a-mbtowc_r.o)
                              d:/stm32cubeide1.5/stm32cubeide_1.5.0/stm32cubeide/plugins/com.st.stm32cube.ide.mcu.externaltools.gnu-tools-for-stm32.7-2018-q2-update.win32_1.5.0.202011040924/tools/bin/../lib/gcc/arm-none-eabi/7.3.1/../../../../arm-none-eabi/lib/thumb/v7-m\libc_nano.a(lib_a-locale.o) (__ascii_mbtowc)
d:/stm32cubeide1.5/stm32cubeide_1.5.0/stm32cubeide/plugins/com.st.stm32cube.ide.mcu.externaltools.gnu-tools-for-stm32.7-2018-q2-update.win32_1.5.0.202011040924/tools/bin/../lib/gcc/arm-none-eabi/7.3.1/../../../../arm-none-eabi/lib/thumb/v7-m\libc_nano.a(lib_a-memcpy-stub.o)
                              Core/Src/cJSON.o (memcpy)
d:/stm32cubeide1.5/stm32cubeide_1.5.0/stm32cubeide/plugins/com.st.stm32cube.ide.mcu.externaltools.gnu-tools-for-stm32.7-2018-q2-update.win32_1.5.0.202011040924/tools/bin/../lib/gcc/arm-none-eabi/7.3.1/../../../../arm-none-eabi/lib/thumb/v7-m\libc_nano.a(lib_a-memset.o)
                              d:/stm32cubeide1.5/stm32cubeide_1.5.0/stm32cubeide/plugins/com.st.stm32cube.ide.mcu.externaltools.gnu-tools-for-stm32.7-2018-q2-update.win32_1.5.0.202011040924/tools/bin/../lib/gcc/arm-none-eabi/7.3.1/../../../../arm-none-eabi/lib/thumb/v7-m/crt0.o (memset)
d:/stm32cubeide1.5/stm32cubeide_1.5.0/stm32cubeide/plugins/com.st.stm32cube.ide.mcu.externaltools.gnu-tools-for-stm32.7-2018-q2-update.win32_1.5.0.202011040924/tools/bin/../lib/gcc/arm-none-eabi/7.3.1/../../../../arm-none-eabi/lib/thumb/v7-m\libc_nano.a(lib_a-nano-freer.o)
                              d:/stm32cubeide1.5/stm32cubeide_1.5.0/stm32cubeide/plugins/com.st.stm32cube.ide.mcu.externaltools.gnu-tools-for-stm32.7-2018-q2-update.win32_1.5.0.202011040924/tools/bin/../lib/gcc/arm-none-eabi/7.3.1/../../../../arm-none-eabi/lib/thumb/v7-m\libc_nano.a(lib_a-malloc.o) (_free_r)
[...]
Memory Configuration

Name             Origin             Length             Attributes
RAM              0x0000000020000000 0x0000000000005000 xrw
FLASH            0x0000000008000000 0x0000000000010000 xr
*default*        0x0000000000000000 0xffffffffffffffff

Linker script and memory map

LOAD d:/stm32cubeide1.5/stm32cubeide_1.5.0/stm32cubeide/plugins/com.st.stm32cube.ide.mcu.externaltools.gnu-tools-for-stm32.7-2018-q2-update.win32_1.5.0.202011040924/tools/bin/../lib/gcc/arm-none-eabi/7.3.1/thumb/v7-m/crti.o
LOAD d:/stm32cubeide1.5/stm32cubeide_1.5.0/stm32cubeide/plugins/com.st.stm32cube.ide.mcu.externaltools.gnu-tools-for-stm32.7-2018-q2-update.win32_1.5.0.202011040924/tools/bin/../lib/gcc/arm-none-eabi/7.3.1/thumb/v7-m/crtbegin.o
LOAD d:/stm32cubeide1.5/stm32cubeide_1.5.0/stm32cubeide/plugins/com.st.stm32cube.ide.mcu.externaltools.gnu-tools-for-stm32.7-2018-q2-update.win32_1.5.0.202011040924/tools/bin/../lib/gcc/arm-none-eabi/7.3.1/../../../../arm-none-eabi/lib/thumb/v7-m/crt0.o
LOAD Core/Src/cJSON.o
LOAD Core/Src/cJSON_Utils.o
LOAD Core/Src/fatfs_sd.o
LOAD Core/Src/freertos.o
LOAD Core/Src/main.o
LOAD Core/Src/stm32f1xx_hal_msp.o
LOAD Core/Src/stm32f1xx_hal_timebase_tim.o
LOAD Core/Src/stm32f1xx_it.o
LOAD Core/Src/syscalls.o
LOAD Core/Src/sysmem.o
LOAD Core/Src/system_stm32f1xx.o
LOAD Core/Startup/startup_stm32f103rbtx.o
LOAD Drivers/STM32F1xx_HAL_Driver/Src/stm32f1xx_hal.o
LOAD Drivers/STM32F1xx_HAL_Driver/Src/stm32f1xx_hal_cortex.o
LOAD Drivers/STM32F1xx_HAL_Driver/Src/stm32f1xx_hal_dma.o
LOAD Drivers/STM32F1xx_HAL_Driver/Src/stm32f1xx_hal_exti.o
LOAD Drivers/STM32F1xx_HAL_Driver/Src/stm32f1xx_hal_flash.o
LOAD Drivers/STM32F1xx_HAL_Driver/Src/stm32f1xx_hal_flash_ex.o
LOAD Drivers/STM32F1xx_HAL_Driver/Src/stm32f1xx_hal_gpio.o
LOAD Drivers/STM32F1xx_HAL_Driver/Src/stm32f1xx_hal_gpio_ex.o
LOAD Drivers/STM32F1xx_HAL_Driver/Src/stm32f1xx_hal_pwr.o
LOAD Drivers/STM32F1xx_HAL_Driver/Src/stm32f1xx_hal_rcc.o
LOAD Drivers/STM32F1xx_HAL_Driver/Src/stm32f1xx_hal_rcc_ex.o
LOAD Drivers/STM32F1xx_HAL_Driver/Src/stm32f1xx_hal_rtc.o
LOAD Drivers/STM32F1xx_HAL_Driver/Src/stm32f1xx_hal_rtc_ex.o
LOAD Drivers/STM32F1xx_HAL_Driver/Src/stm32f1xx_hal_spi.o
LOAD Drivers/STM32F1xx_HAL_Driver/Src/stm32f1xx_hal_tim.o
LOAD Drivers/STM32F1xx_HAL_Driver/Src/stm32f1xx_hal_tim_ex.o
LOAD Drivers/STM32F1xx_HAL_Driver/Src/stm32f1xx_hal_uart.o
LOAD FATFS/App/fatfs.o
LOAD FATFS/Target/user_diskio.o
LOAD Middlewares/Third_Party/FatFs/src/diskio.o
LOAD Middlewares/Third_Party/FatFs/src/ff.o
LOAD Middlewares/Third_Party/FatFs/src/ff_gen_drv.o
LOAD Middlewares/Third_Party/FatFs/src/option/syscall.o
LOAD Middlewares/Third_Party/FreeRTOS/Source/CMSIS_RTOS/cmsis_os.o
LOAD Middlewares/Third_Party/FreeRTOS/Source/croutine.o
LOAD Middlewares/Third_Party/FreeRTOS/Source/event_groups.o
LOAD Middlewares/Third_Party/FreeRTOS/Source/list.o
LOAD Middlewares/Third_Party/FreeRTOS/Source/queue.o
LOAD Middlewares/Third_Party/FreeRTOS/Source/stream_buffer.o
LOAD Middlewares/Third_Party/FreeRTOS/Source/tasks.o
LOAD Middlewares/Third_Party/FreeRTOS/Source/timers.o
LOAD Middlewares/Third_Party/FreeRTOS/Source/portable/GCC/ARM_CM3/port.o
LOAD Middlewares/Third_Party/FreeRTOS/Source/portable/MemMang/heap_4.o
START GROUP
LOAD d:/stm32cubeide1.5/stm32cubeide_1.5.0/stm32cubeide/plugins/com.st.stm32cube.ide.mcu.externaltools.gnu-tools-for-stm32.7-2018-q2-update.win32_1.5.0.202011040924/tools/bin/../lib/gcc/arm-none-eabi/7.3.1/../../../../arm-none-eabi/lib/thumb/v7-m\libc_nano.a
LOAD d:/stm32cubeide1.5/stm32cubeide_1.5.0/stm32cubeide/plugins/com.st.stm32cube.ide.mcu.externaltools.gnu-tools-for-stm32.7-2018-q2-update.win32_1.5.0.202011040924/tools/bin/../lib/gcc/arm-none-eabi/7.3.1/../../../../arm-none-eabi/lib/thumb/v7-m\libm.a
END GROUP
START GROUP
LOAD d:/stm32cubeide1.5/stm32cubeide_1.5.0/stm32cubeide/plugins/com.st.stm32cube.ide.mcu.externaltools.gnu-tools-for-stm32.7-2018-q2-update.win32_1.5.0.202011040924/tools/bin/../lib/gcc/arm-none-eabi/7.3.1/thumb/v7-m\libgcc.a
LOAD d:/stm32cubeide1.5/stm32cubeide_1.5.0/stm32cubeide/plugins/com.st.stm32cube.ide.mcu.externaltools.gnu-tools-for-stm32.7-2018-q2-update.win32_1.5.0.202011040924/tools/bin/../lib/gcc/arm-none-eabi/7.3.1/../../../../arm-none-eabi/lib/thumb/v7-m\libc_nano.a
END GROUP
START GROUP
LOAD d:/stm32cubeide1.5/stm32cubeide_1.5.0/stm32cubeide/plugins/com.st.stm32cube.ide.mcu.externaltools.gnu-tools-for-stm32.7-2018-q2-update.win32_1.5.0.202011040924/tools/bin/../lib/gcc/arm-none-eabi/7.3.1/thumb/v7-m\libgcc.a
LOAD d:/stm32cubeide1.5/stm32cubeide_1.5.0/stm32cubeide/plugins/com.st.stm32cube.ide.mcu.externaltools.gnu-tools-for-stm32.7-2018-q2-update.win32_1.5.0.202011040924/tools/bin/../lib/gcc/arm-none-eabi/7.3.1/../../../../arm-none-eabi/lib/thumb/v7-m\libc_nano.a
LOAD d:/stm32cubeide1.5/stm32cubeide_1.5.0/stm32cubeide/plugins/com.st.stm32cube.ide.mcu.externaltools.gnu-tools-for-stm32.7-2018-q2-update.win32_1.5.0.202011040924/tools/bin/../lib/gcc/arm-none-eabi/7.3.1/../../../../arm-none-eabi/lib/thumb/v7-m\libnosys.a
END GROUP
START GROUP
LOAD d:/stm32cubeide1.5/stm32cubeide_1.5.0/stm32cubeide/plugins/com.st.stm32cube.ide.mcu.externaltools.gnu-tools-for-stm32.7-2018-q2-update.win32_1.5.0.202011040924/tools/bin/../lib/gcc/arm-none-eabi/7.3.1/thumb/v7-m\libgcc.a
LOAD d:/stm32cubeide1.5/stm32cubeide_1.5.0/stm32cubeide/plugins/com.st.stm32cube.ide.mcu.externaltools.gnu-tools-for-stm32.7-2018-q2-update.win32_1.5.0.202011040924/tools/bin/../lib/gcc/arm-none-eabi/7.3.1/../../../../arm-none-eabi/lib/thumb/v7-m\libc_nano.a
LOAD d:/stm32cubeide1.5/stm32cubeide_1.5.0/stm32cubeide/plugins/com.st.stm32cube.ide.mcu.externaltools.gnu-tools-for-stm32.7-2018-q2-update.win32_1.5.0.202011040924/tools/bin/../lib/gcc/arm-none-eabi/7.3.1/../../../../arm-none-eabi/lib/thumb/v7-m\libnosys.a
END GROUP
LOAD d:/stm32cubeide1.5/stm32cubeide_1.5.0/stm32cubeide/plugins/com.st.stm32cube.ide.mcu.externaltools.gnu-tools-for-stm32.7-2018-q2-update.win32_1.5.0.202011040924/tools/bin/../lib/gcc/arm-none-eabi/7.3.1/thumb/v7-m/crtend.o
LOAD d:/stm32cubeide1.5/stm32cubeide_1.5.0/stm32cubeide/plugins/com.st.stm32cube.ide.mcu.externaltools.gnu-tools-for-stm32.7-2018-q2-update.win32_1.5.0.202011040924/tools/bin/../lib/gcc/arm-none-eabi/7.3.1/thumb/v7-m/crtn.o
                0x0000000020005000                _estack = (ORIGIN (RAM) + LENGTH (RAM))
                0x0000000000001980                _Min_Heap_Size = 0x1980
                0x0000000000000400                _Min_Stack_Size = 0x400

.isr_vector     0x0000000008000000      0x10c
                0x0000000008000000                . = ALIGN (0x4)
 *(.isr_vector)
 .isr_vector    0x0000000008000000      0x10c Core/Startup/startup_stm32f103rbtx.o
                0x0000000008000000                g_pfnVectors
                0x000000000800010c                . = ALIGN (0x4)

.text           0x0000000008000110     0xe094
                0x0000000008000110                . = ALIGN (0x4)
 *(.text)
 .text          0x0000000008000110       0x40 d:/stm32cubeide1.5/stm32cubeide_1.5.0/stm32cubeide/plugins/com.st.stm32cube.ide.mcu.externaltools.gnu-tools-for-stm32.7-2018-q2-update.win32_1.5.0.202011040924/tools/bin/../lib/gcc/arm-none-eabi/7.3.1/thumb/v7-m/crtbegin.o
 .text          0x0000000008000150       0x10 d:/stm32cubeide1.5/stm32cubeide_1.5.0/stm32cubeide/plugins/com.st.stm32cube.ide.mcu.externaltools.gnu-tools-for-stm32.7-2018-q2-update.win32_1.5.0.202011040924/tools/bin/../lib/gcc/arm-none-eabi/7.3.1/../../../../arm-none-eabi/lib/thumb/v7-m\libc_nano.a(lib_a-strlen.o)
                0x0000000008000150                strlen
 .text          0x0000000008000160      0x378 d:/stm32cubeide1.5/stm32cubeide_1.5.0/stm32cubeide/plugins/com.st.stm32cube.ide.mcu.externaltools.gnu-tools-for-stm32.7-2018-q2-update.win32_1.5.0.202011040924/tools/bin/../lib/gcc/arm-none-eabi/7.3.1/thumb/v7-m\libgcc.a(_arm_addsubdf3.o)
                0x0000000008000160                __aeabi_drsub
                0x0000000008000168                __aeabi_dsub
                0x0000000008000168                __subdf3
                0x000000000800016c                __aeabi_dadd
                0x000000000800016c                __adddf3
                0x00000000080003e4                __floatunsidf
                0x00000000080003e4                __aeabi_ui2d
                0x0000000008000404                __floatsidf
                0x0000000008000404                __aeabi_i2d
                0x0000000008000428                __aeabi_f2d
                0x0000000008000428                __extendsfdf2
                0x000000000800046c                __floatundidf
                0x000000000800046c                __aeabi_ul2d
                0x000000000800047c                __floatdidf
                0x000000000800047c                __aeabi_l2d
 .text          0x00000000080004d8      0x424 d:/stm32cubeide1.5/stm32cubeide_1.5.0/stm32cubeide/plugins/com.st.stm32cube.ide.mcu.externaltools.gnu-tools-for-stm32.7-2018-q2-update.win32_1.5.0.202011040924/tools/bin/../lib/gcc/arm-none-eabi/7.3.1/thumb/v7-m\libgcc.a(_arm_muldivdf3.o)
                0x00000000080004d8                __aeabi_dmul
                0x00000000080004d8                __muldf3
                0x000000000800072c                __divdf3
                0x000000000800072c                __aeabi_ddiv
 .text          0x00000000080008fc      0x110 d:/stm32cubeide1.5/stm32cubeide_1.5.0/stm32cubeide/plugins/com.st.stm32cube.ide.mcu.externaltools.gnu-tools-for-stm32.7-2018-q2-update.win32_1.5.0.202011040924/tools/bin/../lib/gcc/arm-none-eabi/7.3.1/thumb/v7-m\libgcc.a(_arm_cmpdf2.o)
                0x00000000080008fc                __gtdf2
                0x00000000080008fc                __gedf2
                0x0000000008000904                __ltdf2
                0x0000000008000904                __ledf2
                0x000000000800090c                __nedf2
                0x000000000800090c                __eqdf2
                0x000000000800090c                __cmpdf2
                0x0000000008000988                __aeabi_cdrcmple
                0x0000000008000998                __aeabi_cdcmpeq
                0x0000000008000998                __aeabi_cdcmple
                0x00000000080009a8                __aeabi_dcmpeq
                0x00000000080009bc                __aeabi_dcmplt
                0x00000000080009d0                __aeabi_dcmple
                0x00000000080009e4                __aeabi_dcmpge
                0x00000000080009f8                __aeabi_dcmpgt
 .text          0x0000000008000a0c       0x2c d:/stm32cubeide1.5/stm32cubeide_1.5.0/stm32cubeide/plugins/com.st.stm32cube.ide.mcu.externaltools.gnu-tools-for-stm32.7-2018-q2-update.win32_1.5.0.202011040924/tools/bin/../lib/gcc/arm-none-eabi/7.3.1/thumb/v7-m\libgcc.a(_arm_unorddf2.o)
                0x0000000008000a0c                __unorddf2
                0x0000000008000a0c                __aeabi_dcmpun
 *(.text*)
 .text.cJSON_strdup
                0x0000000008000a38       0x50 Core/Src/cJSON.o
 .text.cJSON_New_Item
                0x0000000008000a88       0x2c Core/Src/cJSON.o
 .text.cJSON_Delete
                0x0000000008000ab4       0x90 Core/Src/cJSON.o
                0x0000000008000ab4                cJSON_Delete
 .text.get_decimal_point
                0x0000000008000b44        0xe Core/Src/cJSON.o
 .text.ensure   0x0000000008000b52      0x134 Core/Src/cJSON.o
 .text.update_offset
                0x0000000008000c86       0x42 Core/Src/cJSON.o
 .text.compare_double
                0x0000000008000cc8       0xa8 Core/Src/cJSON.o
 .text.print_number
                0x0000000008000d70      0x1a8 Core/Src/cJSON.o
 .text.print_string_ptr
                0x0000000008000f18      0x1e8 Core/Src/cJSON.o
 .text.print_string
                0x0000000008001100       0x20 Core/Src/cJSON.o
 .text.print    0x0000000008001120      0x108 Core/Src/cJSON.o
 .text.cJSON_Print
                0x0000000008001228       0x20 Core/Src/cJSON.o
                0x0000000008001228                cJSON_Print
 .text.print_value
                0x0000000008001248      0x14c Core/Src/cJSON.o
 .text.print_array
                0x0000000008001394      0x10c Core/Src/cJSON.o
 .text.print_object
                0x00000000080014a0      0x23c Core/Src/cJSON.o
 .text.suffix_object
                0x00000000080016dc       0x20 Core/Src/cJSON.o
 .text.add_item_to_array
                0x00000000080016fc       0x6c Core/Src/cJSON.o
 .text.cJSON_AddItemToArray
                0x0000000008001768       0x1c Core/Src/cJSON.o
                0x0000000008001768                cJSON_AddItemToArray
 .text.cast_away_const
                0x0000000008001784       0x14 Core/Src/cJSON.o
 .text.add_item_to_object
                0x0000000008001798       0xaa Core/Src/cJSON.o
 *fill*         0x0000000008001842        0x2 
 .text.cJSON_AddItemToObject
                0x0000000008001844       0x2c Core/Src/cJSON.o
                0x0000000008001844                cJSON_AddItemToObject
 .text.cJSON_AddStringToObject
                0x0000000008001870       0x44 Core/Src/cJSON.o
                0x0000000008001870                cJSON_AddStringToObject
 .text.cJSON_CreateString
                0x00000000080018b4       0x4c Core/Src/cJSON.o
                0x00000000080018b4                cJSON_CreateString
 .text.cJSON_CreateArray
                0x0000000008001900       0x28 Core/Src/cJSON.o
                0x0000000008001900                cJSON_CreateArray
 .text.cJSON_CreateObject
                0x0000000008001928       0x28 Core/Src/cJSON.o
                0x0000000008001928                cJSON_CreateObject
 .text.cJSON_free
                0x0000000008001950       0x1c Core/Src/cJSON.o
                0x0000000008001950                cJSON_free
 .text.SELECT   0x000000000800196c       0x18 Core/Src/fatfs_sd.o
 .text.DESELECT
                0x0000000008001984       0x18 Core/Src/fatfs_sd.o
 .text.SPI_TxByte
                0x000000000800199c       0x34 Core/Src/fatfs_sd.o
 .text.SPI_RxByte
                0x00000000080019d0       0x3c Core/Src/fatfs_sd.o
 .text.SPI_RxBytePtr
                0x0000000008001a0c       0x1c Core/Src/fatfs_sd.o
 .text.SD_ReadyWait
                0x0000000008001a28       0x38 Core/Src/fatfs_sd.o
 .text.SD_PowerOn
                0x0000000008001a60       0x98 Core/Src/fatfs_sd.o
 .text.SD_PowerOff
                0x0000000008001af8       0x18 Core/Src/fatfs_sd.o
 .text.SD_CheckPower
                0x0000000008001b10       0x14 Core/Src/fatfs_sd.o
 .text.SD_RxDataBlock
                0x0000000008001b24       0x6c Core/Src/fatfs_sd.o
 .text.SD_TxDataBlock
                0x0000000008001b90       0xa8 Core/Src/fatfs_sd.o
 .text.SD_SendCmd
                0x0000000008001c38       0xa4 Core/Src/fatfs_sd.o
 .text.SD_disk_initialize
                0x0000000008001cdc      0x1d4 Core/Src/fatfs_sd.o
                0x0000000008001cdc                SD_disk_initialize
 .text.SD_disk_status
                0x0000000008001eb0       0x28 Core/Src/fatfs_sd.o
                0x0000000008001eb0                SD_disk_status
 .text.SD_disk_read
                0x0000000008001ed8       0xd4 Core/Src/fatfs_sd.o
                0x0000000008001ed8                SD_disk_read
 .text.SD_disk_write
                0x0000000008001fac      0x108 Core/Src/fatfs_sd.o
                0x0000000008001fac                SD_disk_write
 .text.SD_disk_ioctl
                0x00000000080020b4      0x25c Core/Src/fatfs_sd.o
                0x00000000080020b4                SD_disk_ioctl
 .text.vApplicationGetIdleTaskMemory
                0x0000000008002310       0x30 Core/Src/freertos.o
                0x0000000008002310                vApplicationGetIdleTaskMemory
 .text.__NVIC_EnableIRQ
                0x0000000008002340       0x38 Core/Src/main.o
 .text.main     0x0000000008002378       0xbc Core/Src/main.o
                0x0000000008002378                main
 .text.main_reciever
                0x0000000008002434      0x14c Core/Src/main.o
                0x0000000008002434                main_reciever
 .text.send_datas
                0x0000000008002580       0x58 Core/Src/main.o
                0x0000000008002580                send_datas
 .text.wifisender
                0x00000000080025d8      0x150 Core/Src/main.o
                0x00000000080025d8                wifisender
 .text.divide_send
                0x0000000008002728       0xb4 Core/Src/main.o
                0x0000000008002728                divide_send
 .text.sdcard_status
                0x00000000080027dc       0x6c Core/Src/main.o
                0x00000000080027dc                sdcard_status
 .text.USART1_IRQHandler
                0x0000000008002848       0x68 Core/Src/main.o
                0x0000000008002848                USART1_IRQHandler
 .text.sd_check_send
                0x00000000080028b0       0x5c Core/Src/main.o
                0x00000000080028b0                sd_check_send
 .text.queuer   0x000000000800290c       0x6c Core/Src/main.o
                0x000000000800290c                queuer
 .text.json_conversion
                0x0000000008002978      0x33c Core/Src/main.o
                0x0000000008002978                json_conversion
 .text.sd_send  0x0000000008002cb4      0x1ac Core/Src/main.o
                0x0000000008002cb4                sd_send
 .text.sd_check
                0x0000000008002e60      0x1b0 Core/Src/main.o
                0x0000000008002e60                sd_check
 .text.wifi_connection_setup
                0x0000000008003010       0x54 Core/Src/main.o
                0x0000000008003010                wifi_connection_setup
 .text.sd_to_sram
                0x0000000008003064       0x80 Core/Src/main.o
                0x0000000008003064                sd_to_sram
 .text.check_sram
                0x00000000080030e4       0x54 Core/Src/main.o
                0x00000000080030e4                check_sram
 .text.integer_2_string
                0x0000000008003138       0x28 Core/Src/main.o
                0x0000000008003138                integer_2_string
 .text.sd_data_check
                0x0000000008003160       0xf0 Core/Src/main.o
                0x0000000008003160                sd_data_check
 .text.datas    0x0000000008003250       0x2c Core/Src/main.o
                0x0000000008003250                datas
 .text.datas2   0x000000000800327c       0x2c Core/Src/main.o
                0x000000000800327c                datas2
 .text.bufsize  0x00000000080032a8       0x2c Core/Src/main.o
                0x00000000080032a8                bufsize
 .text.check    0x00000000080032d4      0x116 Core/Src/main.o
                0x00000000080032d4                check
 .text.join     0x00000000080033ea      0x126 Core/Src/main.o
                0x00000000080033ea                join
 .text.currenttime
                0x0000000008003510      0x110 Core/Src/main.o
                0x0000000008003510                currenttime
 .text.currentdate
                0x0000000008003620      0x11c Core/Src/main.o
                0x0000000008003620                currentdate
 .text.itoa     0x000000000800373c       0xac Core/Src/main.o
                0x000000000800373c                itoa
 .text.queue_send
                0x00000000080037e8       0x48 Core/Src/main.o
                0x00000000080037e8                queue_send
 .text.id_time_storage
                0x0000000008003830      0x118 Core/Src/main.o
                0x0000000008003830                id_time_storage
 .text.SystemClock_Config
                0x0000000008003948       0xb0 Core/Src/main.o
                0x0000000008003948                SystemClock_Config
 .text.MX_RTC_Init
                0x00000000080039f8       0xdc Core/Src/main.o
 .text.RTCinit  0x0000000008003ad4       0xf0 Core/Src/main.o
                0x0000000008003ad4                RTCinit
 .text.MX_SPI1_Init
                0x0000000008003bc4       0x6c Core/Src/main.o
 .text.MX_USART1_UART_Init
                0x0000000008003c30       0x54 Core/Src/main.o
 .text.MX_USART2_UART_Init
                0x0000000008003c84       0x54 Core/Src/main.o
 .text.MX_GPIO_Init
                0x0000000008003cd8       0xec Core/Src/main.o
 .text.HAL_TIM_PeriodElapsedCallback
                0x0000000008003dc4       0x24 Core/Src/main.o
                0x0000000008003dc4                HAL_TIM_PeriodElapsedCallback
 .text.Error_Handler
                0x0000000008003de8        0x6 Core/Src/main.o
                0x0000000008003de8                Error_Handler
 *fill*         0x0000000008003dee        0x2 
 .text.HAL_MspInit
                0x0000000008003df0       0x70 Core/Src/stm32f1xx_hal_msp.o
                0x0000000008003df0                HAL_MspInit
 .text.HAL_RTC_MspInit
                0x0000000008003e60       0x48 Core/Src/stm32f1xx_hal_msp.o
                0x0000000008003e60                HAL_RTC_MspInit
 .text.HAL_SPI_MspInit
                0x0000000008003ea8       0x94 Core/Src/stm32f1xx_hal_msp.o
                0x0000000008003ea8                HAL_SPI_MspInit
 .text.HAL_UART_MspInit
                0x0000000008003f3c      0x108 Core/Src/stm32f1xx_hal_msp.o
                0x0000000008003f3c                HAL_UART_MspInit
 .text.HAL_InitTick
                0x0000000008004044       0xac Core/Src/stm32f1xx_hal_timebase_tim.o
                0x0000000008004044                HAL_InitTick
 .text.TIM1_UP_IRQHandler
                0x00000000080040f0       0x14 Core/Src/stm32f1xx_it.o
                0x00000000080040f0                TIM1_UP_IRQHandler
 .text._sbrk    0x0000000008004104       0x6c Core/Src/sysmem.o
                0x0000000008004104                _sbrk
 .text.SystemInit
                0x0000000008004170        0xc Core/Src/system_stm32f1xx.o
                0x0000000008004170                SystemInit
 .text.Reset_Handler
                0x000000000800417c       0x48 Core/Startup/startup_stm32f103rbtx.o
                0x000000000800417c                Reset_Handler
 .text.Default_Handler
                0x00000000080041c4        0x2 Core/Startup/startup_stm32f103rbtx.o
                0x00000000080041c4                RTC_Alarm_IRQHandler
                0x00000000080041c4                EXTI2_IRQHandler
                0x00000000080041c4                DebugMon_Handler
                0x00000000080041c4                TIM1_CC_IRQHandler
                0x00000000080041c4                HardFault_Handler
                0x00000000080041c4                PVD_IRQHandler
                0x00000000080041c4                NMI_Handler
                0x00000000080041c4                EXTI3_IRQHandler
                0x00000000080041c4                EXTI0_IRQHandler
                0x00000000080041c4                I2C2_EV_IRQHandler
                0x00000000080041c4                UsageFault_Handler
                0x00000000080041c4                ADC1_2_IRQHandler
                0x00000000080041c4                SPI1_IRQHandler
                0x00000000080041c4                TAMPER_IRQHandler
                0x00000000080041c4                DMA1_Channel4_IRQHandler
                0x00000000080041c4                USART3_IRQHandler
                0x00000000080041c4                RTC_IRQHandler
                0x00000000080041c4                DMA1_Channel7_IRQHandler
                0x00000000080041c4                CAN1_RX1_IRQHandler
                0x00000000080041c4                TIM4_IRQHandler
                0x00000000080041c4                I2C1_EV_IRQHandler
                0x00000000080041c4                DMA1_Channel6_IRQHandler
                0x00000000080041c4                TIM3_IRQHandler
                0x00000000080041c4                RCC_IRQHandler
                0x00000000080041c4                TIM1_TRG_COM_IRQHandler
                0x00000000080041c4                DMA1_Channel1_IRQHandler
                0x00000000080041c4                Default_Handler
                0x00000000080041c4                EXTI15_10_IRQHandler
                0x00000000080041c4                EXTI9_5_IRQHandler
                0x00000000080041c4                SPI2_IRQHandler
                0x00000000080041c4                MemManage_Handler
                0x00000000080041c4                DMA1_Channel5_IRQHandler
                0x00000000080041c4                EXTI4_IRQHandler
                0x00000000080041c4                USB_LP_CAN1_RX0_IRQHandler
                0x00000000080041c4                USB_HP_CAN1_TX_IRQHandler
                0x00000000080041c4                DMA1_Channel3_IRQHandler
                0x00000000080041c4                WWDG_IRQHandler
                0x00000000080041c4                TIM2_IRQHandler
                0x00000000080041c4                TIM1_BRK_IRQHandler
                0x00000000080041c4                EXTI1_IRQHandler
                0x00000000080041c4                USART2_IRQHandler
                0x00000000080041c4                I2C2_ER_IRQHandler
                0x00000000080041c4                DMA1_Channel2_IRQHandler
                0x00000000080041c4                CAN1_SCE_IRQHandler
                0x00000000080041c4                FLASH_IRQHandler
                0x00000000080041c4                BusFault_Handler
                0x00000000080041c4                I2C1_ER_IRQHandler
                0x00000000080041c4                USBWakeUp_IRQHandler
 *fill*         0x00000000080041c6        0x2 
 .text.HAL_Init
                0x00000000080041c8       0x2c Drivers/STM32F1xx_HAL_Driver/Src/stm32f1xx_hal.o
                0x00000000080041c8                HAL_Init
 .text.HAL_IncTick
                0x00000000080041f4       0x24 Drivers/STM32F1xx_HAL_Driver/Src/stm32f1xx_hal.o
                0x00000000080041f4                HAL_IncTick
 .text.HAL_GetTick
                0x0000000008004218       0x14 Drivers/STM32F1xx_HAL_Driver/Src/stm32f1xx_hal.o
                0x0000000008004218                HAL_GetTick
 .text.HAL_Delay
                0x000000000800422c       0x44 Drivers/STM32F1xx_HAL_Driver/Src/stm32f1xx_hal.o
                0x000000000800422c                HAL_Delay
 .text.__NVIC_SetPriorityGrouping
                0x0000000008004270       0x48 Drivers/STM32F1xx_HAL_Driver/Src/stm32f1xx_hal_cortex.o
 .text.__NVIC_GetPriorityGrouping
                0x00000000080042b8       0x1c Drivers/STM32F1xx_HAL_Driver/Src/stm32f1xx_hal_cortex.o
 .text.__NVIC_EnableIRQ
                0x00000000080042d4       0x38 Drivers/STM32F1xx_HAL_Driver/Src/stm32f1xx_hal_cortex.o
 .text.__NVIC_SetPriority
                0x000000000800430c       0x54 Drivers/STM32F1xx_HAL_Driver/Src/stm32f1xx_hal_cortex.o
 .text.NVIC_EncodePriority
                0x0000000008004360       0x64 Drivers/STM32F1xx_HAL_Driver/Src/stm32f1xx_hal_cortex.o
 .text.HAL_NVIC_SetPriorityGrouping
                0x00000000080043c4       0x16 Drivers/STM32F1xx_HAL_Driver/Src/stm32f1xx_hal_cortex.o
                0x00000000080043c4                HAL_NVIC_SetPriorityGrouping
 .text.HAL_NVIC_SetPriority
                0x00000000080043da       0x38 Drivers/STM32F1xx_HAL_Driver/Src/stm32f1xx_hal_cortex.o
                0x00000000080043da                HAL_NVIC_SetPriority
 .text.HAL_NVIC_EnableIRQ
                0x0000000008004412       0x1c Drivers/STM32F1xx_HAL_Driver/Src/stm32f1xx_hal_cortex.o
                0x0000000008004412                HAL_NVIC_EnableIRQ
 *fill*         0x000000000800442e        0x2 
 .text.HAL_GPIO_Init
                0x0000000008004430      0x2b4 Drivers/STM32F1xx_HAL_Driver/Src/stm32f1xx_hal_gpio.o
                0x0000000008004430                HAL_GPIO_Init
 .text.HAL_GPIO_WritePin
                0x00000000080046e4       0x30 Drivers/STM32F1xx_HAL_Driver/Src/stm32f1xx_hal_gpio.o
                0x00000000080046e4                HAL_GPIO_WritePin
 .text.HAL_PWR_EnableBkUpAccess
                0x0000000008004714       0x18 Drivers/STM32F1xx_HAL_Driver/Src/stm32f1xx_hal_pwr.o
                0x0000000008004714                HAL_PWR_EnableBkUpAccess
 .text.HAL_RCC_OscConfig
                0x000000000800472c      0x500 Drivers/STM32F1xx_HAL_Driver/Src/stm32f1xx_hal_rcc.o
                0x000000000800472c                HAL_RCC_OscConfig
 .text.HAL_RCC_ClockConfig
                0x0000000008004c2c      0x1d4 Drivers/STM32F1xx_HAL_Driver/Src/stm32f1xx_hal_rcc.o
                0x0000000008004c2c                HAL_RCC_ClockConfig
 .text.HAL_RCC_GetSysClockFreq
                0x0000000008004e00       0xc4 Drivers/STM32F1xx_HAL_Driver/Src/stm32f1xx_hal_rcc.o
                0x0000000008004e00                HAL_RCC_GetSysClockFreq
 .text.HAL_RCC_GetHCLKFreq
                0x0000000008004ec4       0x14 Drivers/STM32F1xx_HAL_Driver/Src/stm32f1xx_hal_rcc.o
                0x0000000008004ec4                HAL_RCC_GetHCLKFreq
 .text.HAL_RCC_GetPCLK1Freq
                0x0000000008004ed8       0x28 Drivers/STM32F1xx_HAL_Driver/Src/stm32f1xx_hal_rcc.o
                0x0000000008004ed8                HAL_RCC_GetPCLK1Freq
 .text.HAL_RCC_GetPCLK2Freq
                0x0000000008004f00       0x28 Drivers/STM32F1xx_HAL_Driver/Src/stm32f1xx_hal_rcc.o
                0x0000000008004f00                HAL_RCC_GetPCLK2Freq
 .text.HAL_RCC_GetClockConfig
                0x0000000008004f28       0x60 Drivers/STM32F1xx_HAL_Driver/Src/stm32f1xx_hal_rcc.o
                0x0000000008004f28                HAL_RCC_GetClockConfig
 .text.RCC_Delay
                0x0000000008004f88       0x3c Drivers/STM32F1xx_HAL_Driver/Src/stm32f1xx_hal_rcc.o
 .text.HAL_RCCEx_PeriphCLKConfig
                0x0000000008004fc4      0x16c Drivers/STM32F1xx_HAL_Driver/Src/stm32f1xx_hal_rcc_ex.o
                0x0000000008004fc4                HAL_RCCEx_PeriphCLKConfig
 .text.HAL_RCCEx_GetPeriphCLKFreq
                0x0000000008005130      0x178 Drivers/STM32F1xx_HAL_Driver/Src/stm32f1xx_hal_rcc_ex.o
                0x0000000008005130                HAL_RCCEx_GetPeriphCLKFreq
 .text.HAL_RTC_Init
                0x00000000080052a8      0x12c Drivers/STM32F1xx_HAL_Driver/Src/stm32f1xx_hal_rtc.o
                0x00000000080052a8                HAL_RTC_Init
 .text.HAL_RTC_SetTime
                0x00000000080053d4      0x12e Drivers/STM32F1xx_HAL_Driver/Src/stm32f1xx_hal_rtc.o
                0x00000000080053d4                HAL_RTC_SetTime
 *fill*         0x0000000008005502        0x2 
 .text.HAL_RTC_GetTime
                0x0000000008005504      0x1b0 Drivers/STM32F1xx_HAL_Driver/Src/stm32f1xx_hal_rtc.o
                0x0000000008005504                HAL_RTC_GetTime
 .text.HAL_RTC_SetDate
                0x00000000080056b4      0x16c Drivers/STM32F1xx_HAL_Driver/Src/stm32f1xx_hal_rtc.o
                0x00000000080056b4                HAL_RTC_SetDate
 .text.HAL_RTC_GetDate
                0x0000000008005820       0xa8 Drivers/STM32F1xx_HAL_Driver/Src/stm32f1xx_hal_rtc.o
                0x0000000008005820                HAL_RTC_GetDate
 .text.HAL_RTC_WaitForSynchro
                0x00000000080058c8       0x5a Drivers/STM32F1xx_HAL_Driver/Src/stm32f1xx_hal_rtc.o
                0x00000000080058c8                HAL_RTC_WaitForSynchro
 .text.RTC_ReadTimeCounter
                0x0000000008005922       0x60 Drivers/STM32F1xx_HAL_Driver/Src/stm32f1xx_hal_rtc.o
 .text.RTC_WriteTimeCounter
                0x0000000008005982       0x4e Drivers/STM32F1xx_HAL_Driver/Src/stm32f1xx_hal_rtc.o
 .text.RTC_ReadAlarmCounter
                0x00000000080059d0       0x32 Drivers/STM32F1xx_HAL_Driver/Src/stm32f1xx_hal_rtc.o
 .text.RTC_WriteAlarmCounter
                0x0000000008005a02       0x4e Drivers/STM32F1xx_HAL_Driver/Src/stm32f1xx_hal_rtc.o
 .text.RTC_EnterInitMode
                0x0000000008005a50       0x50 Drivers/STM32F1xx_HAL_Driver/Src/stm32f1xx_hal_rtc.o
 .text.RTC_ExitInitMode
                0x0000000008005aa0       0x50 Drivers/STM32F1xx_HAL_Driver/Src/stm32f1xx_hal_rtc.o
 .text.RTC_ByteToBcd2
                0x0000000008005af0       0x3a Drivers/STM32F1xx_HAL_Driver/Src/stm32f1xx_hal_rtc.o
 .text.RTC_Bcd2ToByte
                0x0000000008005b2a       0x3a Drivers/STM32F1xx_HAL_Driver/Src/stm32f1xx_hal_rtc.o
 .text.RTC_DateUpdate
                0x0000000008005b64      0x170 Drivers/STM32F1xx_HAL_Driver/Src/stm32f1xx_hal_rtc.o
 .text.RTC_IsLeapYear
                0x0000000008005cd4       0x64 Drivers/STM32F1xx_HAL_Driver/Src/stm32f1xx_hal_rtc.o
 .text.RTC_WeekDayNum
                0x0000000008005d38       0xf0 Drivers/STM32F1xx_HAL_Driver/Src/stm32f1xx_hal_rtc.o
 .text.HAL_RTCEx_BKUPWrite
                0x0000000008005e28       0x34 Drivers/STM32F1xx_HAL_Driver/Src/stm32f1xx_hal_rtc_ex.o
                0x0000000008005e28                HAL_RTCEx_BKUPWrite
 .text.HAL_RTCEx_BKUPRead
                0x0000000008005e5c       0x38 Drivers/STM32F1xx_HAL_Driver/Src/stm32f1xx_hal_rtc_ex.o
                0x0000000008005e5c                HAL_RTCEx_BKUPRead
 .text.HAL_SPI_Init
                0x0000000008005e94      0x108 Drivers/STM32F1xx_HAL_Driver/Src/stm32f1xx_hal_spi.o
                0x0000000008005e94                HAL_SPI_Init
 .text.HAL_SPI_Transmit
                0x0000000008005f9c      0x278 Drivers/STM32F1xx_HAL_Driver/Src/stm32f1xx_hal_spi.o
                0x0000000008005f9c                HAL_SPI_Transmit
 .text.HAL_SPI_TransmitReceive
                0x0000000008006214      0x344 Drivers/STM32F1xx_HAL_Driver/Src/stm32f1xx_hal_spi.o
                0x0000000008006214                HAL_SPI_TransmitReceive
 .text.HAL_SPI_GetState
                0x0000000008006558       0x1a Drivers/STM32F1xx_HAL_Driver/Src/stm32f1xx_hal_spi.o
                0x0000000008006558                HAL_SPI_GetState
 *fill*         0x0000000008006572        0x2 
 .text.SPI_WaitFlagStateUntilTimeout
                0x0000000008006574      0x110 Drivers/STM32F1xx_HAL_Driver/Src/stm32f1xx_hal_spi.o
 .text.SPI_EndRxTxTransaction
                0x0000000008006684       0x3c Drivers/STM32F1xx_HAL_Driver/Src/stm32f1xx_hal_spi.o
 .text.HAL_TIM_Base_Init
                0x00000000080066c0       0x9e Drivers/STM32F1xx_HAL_Driver/Src/stm32f1xx_hal_tim.o
                0x00000000080066c0                HAL_TIM_Base_Init
 .text.HAL_TIM_Base_MspInit
                0x000000000800675e       0x12 Drivers/STM32F1xx_HAL_Driver/Src/stm32f1xx_hal_tim.o
                0x000000000800675e                HAL_TIM_Base_MspInit
 .text.HAL_TIM_Base_Start_IT
                0x0000000008006770       0xa4 Drivers/STM32F1xx_HAL_Driver/Src/stm32f1xx_hal_tim.o
                0x0000000008006770                HAL_TIM_Base_Start_IT
 .text.HAL_TIM_IRQHandler
                0x0000000008006814      0x210 Drivers/STM32F1xx_HAL_Driver/Src/stm32f1xx_hal_tim.o
                0x0000000008006814                HAL_TIM_IRQHandler
 .text.HAL_TIM_OC_DelayElapsedCallback
                0x0000000008006a24       0x12 Drivers/STM32F1xx_HAL_Driver/Src/stm32f1xx_hal_tim.o
                0x0000000008006a24                HAL_TIM_OC_DelayElapsedCallback
 .text.HAL_TIM_IC_CaptureCallback
                0x0000000008006a36       0x12 Drivers/STM32F1xx_HAL_Driver/Src/stm32f1xx_hal_tim.o
                0x0000000008006a36                HAL_TIM_IC_CaptureCallback
 .text.HAL_TIM_PWM_PulseFinishedCallback
                0x0000000008006a48       0x12 Drivers/STM32F1xx_HAL_Driver/Src/stm32f1xx_hal_tim.o
                0x0000000008006a48                HAL_TIM_PWM_PulseFinishedCallback
 .text.HAL_TIM_TriggerCallback
                0x0000000008006a5a       0x12 Drivers/STM32F1xx_HAL_Driver/Src/stm32f1xx_hal_tim.o
                0x0000000008006a5a                HAL_TIM_TriggerCallback
 .text.TIM_Base_SetConfig
                0x0000000008006a6c       0xc4 Drivers/STM32F1xx_HAL_Driver/Src/stm32f1xx_hal_tim.o
                0x0000000008006a6c                TIM_Base_SetConfig
 .text.HAL_TIMEx_CommutCallback
                0x0000000008006b30       0x12 Drivers/STM32F1xx_HAL_Driver/Src/stm32f1xx_hal_tim_ex.o
                0x0000000008006b30                HAL_TIMEx_CommutCallback
 .text.HAL_TIMEx_BreakCallback
                0x0000000008006b42       0x12 Drivers/STM32F1xx_HAL_Driver/Src/stm32f1xx_hal_tim_ex.o
                0x0000000008006b42                HAL_TIMEx_BreakCallback
 .text.HAL_UART_Init
                0x0000000008006b54       0x9a Drivers/STM32F1xx_HAL_Driver/Src/stm32f1xx_hal_uart.o
                0x0000000008006b54                HAL_UART_Init
 .text.HAL_UART_Transmit
                0x0000000008006bee      0x124 Drivers/STM32F1xx_HAL_Driver/Src/stm32f1xx_hal_uart.o
                0x0000000008006bee                HAL_UART_Transmit
 .text.HAL_UART_Receive
                0x0000000008006d12      0x13e Drivers/STM32F1xx_HAL_Driver/Src/stm32f1xx_hal_uart.o
                0x0000000008006d12                HAL_UART_Receive
 .text.UART_WaitOnFlagUntilTimeout
                0x0000000008006e50       0x94 Drivers/STM32F1xx_HAL_Driver/Src/stm32f1xx_hal_uart.o
 .text.UART_SetConfig
                0x0000000008006ee4      0x11c Drivers/STM32F1xx_HAL_Driver/Src/stm32f1xx_hal_uart.o
 .text.MX_FATFS_Init
                0x0000000008007000       0x24 FATFS/App/fatfs.o
                0x0000000008007000                MX_FATFS_Init
 .text.get_fattime
                0x0000000008007024        0xe FATFS/App/fatfs.o
                0x0000000008007024                get_fattime
 .text.USER_initialize
                0x0000000008007032       0x1c FATFS/Target/user_diskio.o
                0x0000000008007032                USER_initialize
 .text.USER_status
                0x000000000800704e       0x1c FATFS/Target/user_diskio.o
                0x000000000800704e                USER_status
 .text.USER_read
                0x000000000800706a       0x26 FATFS/Target/user_diskio.o
                0x000000000800706a                USER_read
 .text.USER_write
                0x0000000008007090       0x26 FATFS/Target/user_diskio.o
                0x0000000008007090                USER_write
 .text.USER_ioctl
                0x00000000080070b6       0x26 FATFS/Target/user_diskio.o
                0x00000000080070b6                USER_ioctl
 .text.disk_status
                0x00000000080070dc       0x34 Middlewares/Third_Party/FatFs/src/diskio.o
                0x00000000080070dc                disk_status
 .text.disk_initialize
                0x0000000008007110       0x4c Middlewares/Third_Party/FatFs/src/diskio.o
                0x0000000008007110                disk_initialize
 .text.disk_read
                0x000000000800715c       0x40 Middlewares/Third_Party/FatFs/src/diskio.o
                0x000000000800715c                disk_read
 .text.disk_write
                0x000000000800719c       0x40 Middlewares/Third_Party/FatFs/src/diskio.o
                0x000000000800719c                disk_write
 .text.disk_ioctl
                0x00000000080071dc       0x3c Middlewares/Third_Party/FatFs/src/diskio.o
                0x00000000080071dc                disk_ioctl
 .text.mem_cpy  0x0000000008007218       0x3a Middlewares/Third_Party/FatFs/src/ff.o
 .text.mem_set  0x0000000008007252       0x32 Middlewares/Third_Party/FatFs/src/ff.o
 .text.mem_cmp  0x0000000008007284       0x4c Middlewares/Third_Party/FatFs/src/ff.o
 .text.chk_chr  0x00000000080072d0       0x34 Middlewares/Third_Party/FatFs/src/ff.o
 .text.lock_fs  0x0000000008007304       0x1e Middlewares/Third_Party/FatFs/src/ff.o
 .text.unlock_fs
                0x0000000008007322       0x3e Middlewares/Third_Party/FatFs/src/ff.o
 .text.chk_lock
                0x0000000008007360       0xd8 Middlewares/Third_Party/FatFs/src/ff.o
 .text.enq_lock
                0x0000000008007438       0x48 Middlewares/Third_Party/FatFs/src/ff.o
 .text.inc_lock
                0x0000000008007480      0x16c Middlewares/Third_Party/FatFs/src/ff.o
 .text.dec_lock
                0x00000000080075ec       0x88 Middlewares/Third_Party/FatFs/src/ff.o
 .text.clear_lock
                0x0000000008007674       0x50 Middlewares/Third_Party/FatFs/src/ff.o
 .text.sync_window
                0x00000000080076c4       0x92 Middlewares/Third_Party/FatFs/src/ff.o
 .text.move_window
                0x0000000008007756       0x5c Middlewares/Third_Party/FatFs/src/ff.o
 .text.sync_fs  0x00000000080077b2      0x15a Middlewares/Third_Party/FatFs/src/ff.o
 .text.clust2sect
                0x000000000800790c       0x42 Middlewares/Third_Party/FatFs/src/ff.o
                0x000000000800790c                clust2sect
 .text.get_fat  0x000000000800794e      0x16e Middlewares/Third_Party/FatFs/src/ff.o
                0x000000000800794e                get_fat
 .text.put_fat  0x0000000008007abc      0x216 Middlewares/Third_Party/FatFs/src/ff.o
                0x0000000008007abc                put_fat
 .text.remove_chain
                0x0000000008007cd2       0xb4 Middlewares/Third_Party/FatFs/src/ff.o
 .text.create_chain
                0x0000000008007d86      0x13a Middlewares/Third_Party/FatFs/src/ff.o
 .text.clmt_clust
                0x0000000008007ec0       0x68 Middlewares/Third_Party/FatFs/src/ff.o
 .text.dir_sdi  0x0000000008007f28      0x128 Middlewares/Third_Party/FatFs/src/ff.o
 .text.dir_next
                0x0000000008008050      0x1ee Middlewares/Third_Party/FatFs/src/ff.o
 .text.dir_alloc
                0x000000000800823e       0x94 Middlewares/Third_Party/FatFs/src/ff.o
 .text.ld_clust
                0x00000000080082d2       0x5a Middlewares/Third_Party/FatFs/src/ff.o
 .text.st_clust
                0x000000000800832c       0x4c Middlewares/Third_Party/FatFs/src/ff.o
 .text.dir_find
                0x0000000008008378       0x9e Middlewares/Third_Party/FatFs/src/ff.o
 .text.dir_read
                0x0000000008008416       0xbe Middlewares/Third_Party/FatFs/src/ff.o
 .text.dir_register
                0x00000000080084d4       0x72 Middlewares/Third_Party/FatFs/src/ff.o
 .text.dir_remove
                0x0000000008008546       0x6e Middlewares/Third_Party/FatFs/src/ff.o
 .text.create_name
                0x00000000080085b4      0x180 Middlewares/Third_Party/FatFs/src/ff.o
 .text.follow_path
                0x0000000008008734       0xdc Middlewares/Third_Party/FatFs/src/ff.o
 .text.get_ldnumber
                0x0000000008008810       0x86 Middlewares/Third_Party/FatFs/src/ff.o
 *fill*         0x0000000008008896        0x2 
 .text.check_fs
                0x0000000008008898       0xd4 Middlewares/Third_Party/FatFs/src/ff.o
 .text.find_volume
                0x000000000800896c      0x5a4 Middlewares/Third_Party/FatFs/src/ff.o
 .text.validate
                0x0000000008008f10       0x7c Middlewares/Third_Party/FatFs/src/ff.o
 .text.f_mount  0x0000000008008f8c       0xd0 Middlewares/Third_Party/FatFs/src/ff.o
                0x0000000008008f8c                f_mount
 .text.f_open   0x000000000800905c      0x42a Middlewares/Third_Party/FatFs/src/ff.o
                0x000000000800905c                f_open
 .text.f_read   0x0000000008009486      0x36a Middlewares/Third_Party/FatFs/src/ff.o
                0x0000000008009486                f_read
 .text.f_write  0x00000000080097f0      0x3ee Middlewares/Third_Party/FatFs/src/ff.o
                0x00000000080097f0                f_write
 .text.f_sync   0x0000000008009bde      0x192 Middlewares/Third_Party/FatFs/src/ff.o
                0x0000000008009bde                f_sync
 .text.f_close  0x0000000008009d70       0x60 Middlewares/Third_Party/FatFs/src/ff.o
                0x0000000008009d70                f_close
 .text.f_lseek  0x0000000008009dd0      0x59e Middlewares/Third_Party/FatFs/src/ff.o
                0x0000000008009dd0                f_lseek
 .text.f_unlink
                0x000000000800a36e      0x1c6 Middlewares/Third_Party/FatFs/src/ff.o
                0x000000000800a36e                f_unlink
 .text.f_gets   0x000000000800a534       0x7a Middlewares/Third_Party/FatFs/src/ff.o
                0x000000000800a534                f_gets
 .text.putc_bfd
                0x000000000800a5ae       0x7a Middlewares/Third_Party/FatFs/src/ff.o
 .text.f_puts   0x000000000800a628       0x74 Middlewares/Third_Party/FatFs/src/ff.o
                0x000000000800a628                f_puts
 .text.FATFS_LinkDriverEx
                0x000000000800a69c       0x94 Middlewares/Third_Party/FatFs/src/ff_gen_drv.o
                0x000000000800a69c                FATFS_LinkDriverEx
 .text.FATFS_LinkDriver
                0x000000000800a730       0x1e Middlewares/Third_Party/FatFs/src/ff_gen_drv.o
                0x000000000800a730                FATFS_LinkDriver
 .text.ff_cre_syncobj
                0x000000000800a74e       0x40 Middlewares/Third_Party/FatFs/src/option/syscall.o
                0x000000000800a74e                ff_cre_syncobj
 .text.ff_del_syncobj
                0x000000000800a78e       0x18 Middlewares/Third_Party/FatFs/src/option/syscall.o
                0x000000000800a78e                ff_del_syncobj
 .text.ff_req_grant
                0x000000000800a7a6       0x2a Middlewares/Third_Party/FatFs/src/option/syscall.o
                0x000000000800a7a6                ff_req_grant
 .text.ff_rel_grant
                0x000000000800a7d0       0x16 Middlewares/Third_Party/FatFs/src/option/syscall.o
                0x000000000800a7d0                ff_rel_grant
 .text.inHandlerMode
                0x000000000800a7e6       0x22 Middlewares/Third_Party/FreeRTOS/Source/CMSIS_RTOS/cmsis_os.o
 .text.osSemaphoreCreate
                0x000000000800a808       0x80 Middlewares/Third_Party/FreeRTOS/Source/CMSIS_RTOS/cmsis_os.o
                0x000000000800a808                osSemaphoreCreate
 .text.osSemaphoreWait
                0x000000000800a888       0x9c Middlewares/Third_Party/FreeRTOS/Source/CMSIS_RTOS/cmsis_os.o
                0x000000000800a888                osSemaphoreWait
 .text.osSemaphoreRelease
                0x000000000800a924       0x6c Middlewares/Third_Party/FreeRTOS/Source/CMSIS_RTOS/cmsis_os.o
                0x000000000800a924                osSemaphoreRelease
 .text.osSemaphoreDelete
                0x000000000800a990       0x26 Middlewares/Third_Party/FreeRTOS/Source/CMSIS_RTOS/cmsis_os.o
                0x000000000800a990                osSemaphoreDelete
 .text.vListInitialise
                0x000000000800a9b6       0x3e Middlewares/Third_Party/FreeRTOS/Source/list.o
                0x000000000800a9b6                vListInitialise
 .text.vListInitialiseItem
                0x000000000800a9f4       0x18 Middlewares/Third_Party/FreeRTOS/Source/list.o
                0x000000000800a9f4                vListInitialiseItem
 .text.vListInsertEnd
                0x000000000800aa0c       0x46 Middlewares/Third_Party/FreeRTOS/Source/list.o
                0x000000000800aa0c                vListInsertEnd
 .text.vListInsert
                0x000000000800aa52       0x70 Middlewares/Third_Party/FreeRTOS/Source/list.o
                0x000000000800aa52                vListInsert
 .text.uxListRemove
                0x000000000800aac2       0x52 Middlewares/Third_Party/FreeRTOS/Source/list.o
                0x000000000800aac2                uxListRemove
 .text.xQueueGenericReset
                0x000000000800ab14       0xd0 Middlewares/Third_Party/FreeRTOS/Source/queue.o
                0x000000000800ab14                xQueueGenericReset
 .text.xQueueGenericCreateStatic
                0x000000000800abe4       0xe4 Middlewares/Third_Party/FreeRTOS/Source/queue.o
                0x000000000800abe4                xQueueGenericCreateStatic
 .text.xQueueGenericCreate
                0x000000000800acc8       0x7a Middlewares/Third_Party/FreeRTOS/Source/queue.o
                0x000000000800acc8                xQueueGenericCreate
 .text.prvInitialiseNewQueue
                0x000000000800ad42       0x3e Middlewares/Third_Party/FreeRTOS/Source/queue.o
 .text.prvInitialiseMutex
                0x000000000800ad80       0x34 Middlewares/Third_Party/FreeRTOS/Source/queue.o
 .text.xQueueCreateMutex
                0x000000000800adb4       0x30 Middlewares/Third_Party/FreeRTOS/Source/queue.o
                0x000000000800adb4                xQueueCreateMutex
 .text.xQueueCreateCountingSemaphoreStatic
                0x000000000800ade4       0x6a Middlewares/Third_Party/FreeRTOS/Source/queue.o
                0x000000000800ade4                xQueueCreateCountingSemaphoreStatic
 .text.xQueueCreateCountingSemaphore
                0x000000000800ae4e       0x62 Middlewares/Third_Party/FreeRTOS/Source/queue.o
                0x000000000800ae4e                xQueueCreateCountingSemaphore
 .text.xQueueGenericSend
                0x000000000800aeb0      0x1f4 Middlewares/Third_Party/FreeRTOS/Source/queue.o
                0x000000000800aeb0                xQueueGenericSend
 .text.xQueueGiveFromISR
                0x000000000800b0a4      0x112 Middlewares/Third_Party/FreeRTOS/Source/queue.o
                0x000000000800b0a4                xQueueGiveFromISR
 *fill*         0x000000000800b1b6        0x2 
 .text.xQueueSemaphoreTake
                0x000000000800b1b8      0x210 Middlewares/Third_Party/FreeRTOS/Source/queue.o
                0x000000000800b1b8                xQueueSemaphoreTake
 .text.xQueueReceiveFromISR
                0x000000000800b3c8       0xfa Middlewares/Third_Party/FreeRTOS/Source/queue.o
                0x000000000800b3c8                xQueueReceiveFromISR
 .text.vQueueDelete
                0x000000000800b4c2       0x44 Middlewares/Third_Party/FreeRTOS/Source/queue.o
                0x000000000800b4c2                vQueueDelete
 .text.prvGetDisinheritPriorityAfterTimeout
                0x000000000800b506       0x2e Middlewares/Third_Party/FreeRTOS/Source/queue.o
 .text.prvCopyDataToQueue
                0x000000000800b534       0xd4 Middlewares/Third_Party/FreeRTOS/Source/queue.o
 .text.prvCopyDataFromQueue
                0x000000000800b608       0x4c Middlewares/Third_Party/FreeRTOS/Source/queue.o
 .text.prvUnlockQueue
                0x000000000800b654       0xa4 Middlewares/Third_Party/FreeRTOS/Source/queue.o
 .text.prvIsQueueEmpty
                0x000000000800b6f8       0x2c Middlewares/Third_Party/FreeRTOS/Source/queue.o
 .text.prvIsQueueFull
                0x000000000800b724       0x30 Middlewares/Third_Party/FreeRTOS/Source/queue.o
 .text.vQueueUnregisterQueue
                0x000000000800b754       0x50 Middlewares/Third_Party/FreeRTOS/Source/queue.o
                0x000000000800b754                vQueueUnregisterQueue
 .text.xTaskCreateStatic
                0x000000000800b7a4       0xb2 Middlewares/Third_Party/FreeRTOS/Source/tasks.o
                0x000000000800b7a4                xTaskCreateStatic
 .text.xTaskCreate
                0x000000000800b856       0x8a Middlewares/Third_Party/FreeRTOS/Source/tasks.o
                0x000000000800b856                xTaskCreate
 .text.prvInitialiseNewTask
                0x000000000800b8e0       0xfc Middlewares/Third_Party/FreeRTOS/Source/tasks.o
 .text.prvAddNewTaskToReadyList
                0x000000000800b9dc       0xd4 Middlewares/Third_Party/FreeRTOS/Source/tasks.o
 .text.vTaskDelay
                0x000000000800bab0       0x68 Middlewares/Third_Party/FreeRTOS/Source/tasks.o
                0x000000000800bab0                vTaskDelay
 .text.vTaskStartScheduler
                0x000000000800bb18       0xbc Middlewares/Third_Party/FreeRTOS/Source/tasks.o
                0x000000000800bb18                vTaskStartScheduler
 .text.vTaskSuspendAll
                0x000000000800bbd4       0x1c Middlewares/Third_Party/FreeRTOS/Source/tasks.o
                0x000000000800bbd4                vTaskSuspendAll
 .text.xTaskResumeAll
                0x000000000800bbf0      0x138 Middlewares/Third_Party/FreeRTOS/Source/tasks.o
                0x000000000800bbf0                xTaskResumeAll
 .text.xTaskIncrementTick
                0x000000000800bd28      0x178 Middlewares/Third_Party/FreeRTOS/Source/tasks.o
                0x000000000800bd28                xTaskIncrementTick
 .text.vTaskSwitchContext
                0x000000000800bea0       0xb4 Middlewares/Third_Party/FreeRTOS/Source/tasks.o
                0x000000000800bea0                vTaskSwitchContext
 .text.vTaskPlaceOnEventList
                0x000000000800bf54       0x48 Middlewares/Third_Party/FreeRTOS/Source/tasks.o
                0x000000000800bf54                vTaskPlaceOnEventList
 .text.xTaskRemoveFromEventList
                0x000000000800bf9c       0xc4 Middlewares/Third_Party/FreeRTOS/Source/tasks.o
                0x000000000800bf9c                xTaskRemoveFromEventList
 .text.vTaskInternalSetTimeOutState
                0x000000000800c060       0x2c Middlewares/Third_Party/FreeRTOS/Source/tasks.o
                0x000000000800c060                vTaskInternalSetTimeOutState
 .text.xTaskCheckForTimeOut
                0x000000000800c08c       0xc0 Middlewares/Third_Party/FreeRTOS/Source/tasks.o
                0x000000000800c08c                xTaskCheckForTimeOut
 .text.vTaskMissedYield
                0x000000000800c14c       0x18 Middlewares/Third_Party/FreeRTOS/Source/tasks.o
                0x000000000800c14c                vTaskMissedYield
 .text.prvIdleTask
                0x000000000800c164       0x30 Middlewares/Third_Party/FreeRTOS/Source/tasks.o
 .text.prvInitialiseTaskLists
                0x000000000800c194       0x80 Middlewares/Third_Party/FreeRTOS/Source/tasks.o
 .text.prvCheckTasksWaitingTermination
                0x000000000800c214       0x58 Middlewares/Third_Party/FreeRTOS/Source/tasks.o
 .text.prvDeleteTCB
                0x000000000800c26c       0x5c Middlewares/Third_Party/FreeRTOS/Source/tasks.o
 .text.prvResetNextTaskUnblockTime
                0x000000000800c2c8       0x48 Middlewares/Third_Party/FreeRTOS/Source/tasks.o
 .text.xTaskGetSchedulerState
                0x000000000800c310       0x3c Middlewares/Third_Party/FreeRTOS/Source/tasks.o
                0x000000000800c310                xTaskGetSchedulerState
 .text.xTaskPriorityInherit
                0x000000000800c34c      0x10c Middlewares/Third_Party/FreeRTOS/Source/tasks.o
                0x000000000800c34c                xTaskPriorityInherit
 .text.xTaskPriorityDisinherit
                0x000000000800c458      0x108 Middlewares/Third_Party/FreeRTOS/Source/tasks.o
                0x000000000800c458                xTaskPriorityDisinherit
 .text.vTaskPriorityDisinheritAfterTimeout
                0x000000000800c560      0x13c Middlewares/Third_Party/FreeRTOS/Source/tasks.o
                0x000000000800c560                vTaskPriorityDisinheritAfterTimeout
 .text.pvTaskIncrementMutexHeldCount
                0x000000000800c69c       0x28 Middlewares/Third_Party/FreeRTOS/Source/tasks.o
                0x000000000800c69c                pvTaskIncrementMutexHeldCount
 .text.prvAddCurrentTaskToDelayedList
                0x000000000800c6c4       0xcc Middlewares/Third_Party/FreeRTOS/Source/tasks.o
 .text.pxPortInitialiseStack
                0x000000000800c790       0x58 Middlewares/Third_Party/FreeRTOS/Source/portable/GCC/ARM_CM3/port.o
                0x000000000800c790                pxPortInitialiseStack
 .text.prvTaskExitError
                0x000000000800c7e8       0x50 Middlewares/Third_Party/FreeRTOS/Source/portable/GCC/ARM_CM3/port.o
 *fill*         0x000000000800c838        0x8 
 .text.SVC_Handler
                0x000000000800c840       0x28 Middlewares/Third_Party/FreeRTOS/Source/portable/GCC/ARM_CM3/port.o
                0x000000000800c840                SVC_Handler
 .text.prvPortStartFirstTask
                0x000000000800c868       0x20 Middlewares/Third_Party/FreeRTOS/Source/portable/GCC/ARM_CM3/port.o
 .text.xPortStartScheduler
                0x000000000800c888       0xe0 Middlewares/Third_Party/FreeRTOS/Source/portable/GCC/ARM_CM3/port.o
                0x000000000800c888                xPortStartScheduler
 .text.vPortEnterCritical
                0x000000000800c968       0x5c Middlewares/Third_Party/FreeRTOS/Source/portable/GCC/ARM_CM3/port.o
                0x000000000800c968                vPortEnterCritical
 .text.vPortExitCritical
                0x000000000800c9c4       0x4c Middlewares/Third_Party/FreeRTOS/Source/portable/GCC/ARM_CM3/port.o
                0x000000000800c9c4                vPortExitCritical
 .text.PendSV_Handler
                0x000000000800ca10       0x48 Middlewares/Third_Party/FreeRTOS/Source/portable/GCC/ARM_CM3/port.o
                0x000000000800ca10                PendSV_Handler
 .text.SysTick_Handler
                0x000000000800ca58       0x40 Middlewares/Third_Party/FreeRTOS/Source/portable/GCC/ARM_CM3/port.o
                0x000000000800ca58                SysTick_Handler
 .text.vPortSetupTimerInterrupt
                0x000000000800ca98       0x44 Middlewares/Third_Party/FreeRTOS/Source/portable/GCC/ARM_CM3/port.o
                0x000000000800ca98                vPortSetupTimerInterrupt
 .text.vPortValidateInterruptPriority
                0x000000000800cadc       0x78 Middlewares/Third_Party/FreeRTOS/Source/portable/GCC/ARM_CM3/port.o
                0x000000000800cadc                vPortValidateInterruptPriority
 .text.pvPortMalloc
                0x000000000800cb54      0x184 Middlewares/Third_Party/FreeRTOS/Source/portable/MemMang/heap_4.o
                0x000000000800cb54                pvPortMalloc
 .text.vPortFree
                0x000000000800ccd8       0xb0 Middlewares/Third_Party/FreeRTOS/Source/portable/MemMang/heap_4.o
                0x000000000800ccd8                vPortFree
 .text.prvHeapInit
                0x000000000800cd88       0xc4 Middlewares/Third_Party/FreeRTOS/Source/portable/MemMang/heap_4.o
 .text.prvInsertBlockIntoFreeList
                0x000000000800ce4c       0xb0 Middlewares/Third_Party/FreeRTOS/Source/portable/MemMang/heap_4.o
 .text.__errno  0x000000000800cefc        0xc d:/stm32cubeide1.5/stm32cubeide_1.5.0/stm32cubeide/plugins/com.st.stm32cube.ide.mcu.externaltools.gnu-tools-for-stm32.7-2018-q2-update.win32_1.5.0.202011040924/tools/bin/../lib/gcc/arm-none-eabi/7.3.1/../../../../arm-none-eabi/lib/thumb/v7-m\libc_nano.a(lib_a-errno.o)
                0x000000000800cefc                __errno
 .text.__libc_init_array
                0x000000000800cf08       0x48 d:/stm32cubeide1.5/stm32cubeide_1.5.0/stm32cubeide/plugins/com.st.stm32cube.ide.mcu.externaltools.gnu-tools-for-stm32.7-2018-q2-update.win32_1.5.0.202011040924/tools/bin/../lib/gcc/arm-none-eabi/7.3.1/../../../../arm-none-eabi/lib/thumb/v7-m\libc_nano.a(lib_a-init.o)
                0x000000000800cf08                __libc_init_array
 .text.__locale_ctype_ptr_l
                0x000000000800cf50        0x6 d:/stm32cubeide1.5/stm32cubeide_1.5.0/stm32cubeide/plugins/com.st.stm32cube.ide.mcu.externaltools.gnu-tools-for-stm32.7-2018-q2-update.win32_1.5.0.202011040924/tools/bin/../lib/gcc/arm-none-eabi/7.3.1/../../../../arm-none-eabi/lib/thumb/v7-m\libc_nano.a(lib_a-locale.o)
                0x000000000800cf50                __locale_ctype_ptr_l
 *fill*         0x000000000800cf56        0x2 
 .text.__locale_ctype_ptr
                0x000000000800cf58       0x1c d:/stm32cubeide1.5/stm32cubeide_1.5.0/stm32cubeide/plugins/com.st.stm32cube.ide.mcu.externaltools.gnu-tools-for-stm32.7-2018-q2-update.win32_1.5.0.202011040924/tools/bin/../lib/gcc/arm-none-eabi/7.3.1/../../../../arm-none-eabi/lib/thumb/v7-m\libc_nano.a(lib_a-locale.o)
                0x000000000800cf58                __locale_ctype_ptr
 .text.malloc   0x000000000800cf74       0x10 d:/stm32cubeide1.5/stm32cubeide_1.5.0/stm32cubeide/plugins/com.st.stm32cube.ide.mcu.externaltools.gnu-tools-for-stm32.7-2018-q2-update.win32_1.5.0.202011040924/tools/bin/../lib/gcc/arm-none-eabi/7.3.1/../../../../arm-none-eabi/lib/thumb/v7-m\libc_nano.a(lib_a-malloc.o)
                0x000000000800cf74                malloc
 .text.free     0x000000000800cf84       0x10 d:/stm32cubeide1.5/stm32cubeide_1.5.0/stm32cubeide/plugins/com.st.stm32cube.ide.mcu.externaltools.gnu-tools-for-stm32.7-2018-q2-update.win32_1.5.0.202011040924/tools/bin/../lib/gcc/arm-none-eabi/7.3.1/../../../../arm-none-eabi/lib/thumb/v7-m\libc_nano.a(lib_a-malloc.o)
                0x000000000800cf84                free
 .text.__ascii_mbtowc
                0x000000000800cf94       0x24 d:/stm32cubeide1.5/stm32cubeide_1.5.0/stm32cubeide/plugins/com.st.stm32cube.ide.mcu.externaltools.gnu-tools-for-stm32.7-2018-q2-update.win32_1.5.0.202011040924/tools/bin/../lib/gcc/arm-none-eabi/7.3.1/../../../../arm-none-eabi/lib/thumb/v7-m\libc_nano.a(lib_a-mbtowc_r.o)
                0x000000000800cf94                __ascii_mbtowc
 .text.memcpy   0x000000000800cfb8       0x16 d:/stm32cubeide1.5/stm32cubeide_1.5.0/stm32cubeide/plugins/com.st.stm32cube.ide.mcu.externaltools.gnu-tools-for-stm32.7-2018-q2-update.win32_1.5.0.202011040924/tools/bin/../lib/gcc/arm-none-eabi/7.3.1/../../../../arm-none-eabi/lib/thumb/v7-m\libc_nano.a(lib_a-memcpy-stub.o)
                0x000000000800cfb8                memcpy
 .text.memset   0x000000000800cfce       0x10 d:/stm32cubeide1.5/stm32cubeide_1.5.0/stm32cubeide/plugins/com.st.stm32cube.ide.mcu.externaltools.gnu-tools-for-stm32.7-2018-q2-update.win32_1.5.0.202011040924/tools/bin/../lib/gcc/arm-none-eabi/7.3.1/../../../../arm-none-eabi/lib/thumb/v7-m\libc_nano.a(lib_a-memset.o)
                0x000000000800cfce                memset
 *fill*         0x000000000800cfde        0x2 
 .text._free_r  0x000000000800cfe0       0x98 d:/stm32cubeide1.5/stm32cubeide_1.5.0/stm32cubeide/plugins/com.st.stm32cube.ide.mcu.externaltools.gnu-tools-for-stm32.7-2018-q2-update.win32_1.5.0.202011040924/tools/bin/../lib/gcc/arm-none-eabi/7.3.1/../../../../arm-none-eabi/lib/thumb/v7-m\libc_nano.a(lib_a-nano-freer.o)
                0x000000000800cfe0                _free_r
 .text._malloc_r
                0x000000000800d078       0xb4 d:/stm32cubeide1.5/stm32cubeide_1.5.0/stm32cubeide/plugins/com.st.stm32cube.ide.mcu.externaltools.gnu-tools-for-stm32.7-2018-q2-update.win32_1.5.0.202011040924/tools/bin/../lib/gcc/arm-none-eabi/7.3.1/../../../../arm-none-eabi/lib/thumb/v7-m\libc_nano.a(lib_a-nano-mallocr.o)
                0x000000000800d078                _malloc_r
 .text.realloc  0x000000000800d12c       0x10 d:/stm32cubeide1.5/stm32cubeide_1.5.0/stm32cubeide/plugins/com.st.stm32cube.ide.mcu.externaltools.gnu-tools-for-stm32.7-2018-q2-update.win32_1.5.0.202011040924/tools/bin/../lib/gcc/arm-none-eabi/7.3.1/../../../../arm-none-eabi/lib/thumb/v7-m\libc_nano.a(lib_a-realloc.o)
                0x000000000800d12c                realloc
 .text._sbrk_r  0x000000000800d13c       0x20 d:/stm32cubeide1.5/stm32cubeide_1.5.0/stm32cubeide/plugins/com.st.stm32cube.ide.mcu.externaltools.gnu-tools-for-stm32.7-2018-q2-update.win32_1.5.0.202011040924/tools/bin/../lib/gcc/arm-none-eabi/7.3.1/../../../../arm-none-eabi/lib/thumb/v7-m\libc_nano.a(lib_a-sbrkr.o)
                0x000000000800d13c                _sbrk_r
 .text.sprintf  0x000000000800d15c       0x40 d:/stm32cubeide1.5/stm32cubeide_1.5.0/stm32cubeide/plugins/com.st.stm32cube.ide.mcu.externaltools.gnu-tools-for-stm32.7-2018-q2-update.win32_1.5.0.202011040924/tools/bin/../lib/gcc/arm-none-eabi/7.3.1/../../../../arm-none-eabi/lib/thumb/v7-m\libc_nano.a(lib_a-sprintf.o)
                0x000000000800d15c                siprintf
                0x000000000800d15c                sprintf
 .text.sscanf   0x000000000800d19c       0x54 d:/stm32cubeide1.5/stm32cubeide_1.5.0/stm32cubeide/plugins/com.st.stm32cube.ide.mcu.externaltools.gnu-tools-for-stm32.7-2018-q2-update.win32_1.5.0.202011040924/tools/bin/../lib/gcc/arm-none-eabi/7.3.1/../../../../arm-none-eabi/lib/thumb/v7-m\libc_nano.a(lib_a-sscanf.o)
                0x000000000800d19c                siscanf
                0x000000000800d19c                sscanf
 .text.__seofread
                0x000000000800d1f0        0x4 d:/stm32cubeide1.5/stm32cubeide_1.5.0/stm32cubeide/plugins/com.st.stm32cube.ide.mcu.externaltools.gnu-tools-for-stm32.7-2018-q2-update.win32_1.5.0.202011040924/tools/bin/../lib/gcc/arm-none-eabi/7.3.1/../../../../arm-none-eabi/lib/thumb/v7-m\libc_nano.a(lib_a-stdio.o)
                0x000000000800d1f0                __seofread
 .text.strcpy   0x000000000800d1f4       0x10 d:/stm32cubeide1.5/stm32cubeide_1.5.0/stm32cubeide/plugins/com.st.stm32cube.ide.mcu.externaltools.gnu-tools-for-stm32.7-2018-q2-update.win32_1.5.0.202011040924/tools/bin/../lib/gcc/arm-none-eabi/7.3.1/../../../../arm-none-eabi/lib/thumb/v7-m\libc_nano.a(lib_a-strcpy.o)
                0x000000000800d1f4                strcpy
 .text.__ascii_wctomb
                0x000000000800d204       0x1a d:/stm32cubeide1.5/stm32cubeide_1.5.0/stm32cubeide/plugins/com.st.stm32cube.ide.mcu.externaltools.gnu-tools-for-stm32.7-2018-q2-update.win32_1.5.0.202011040924/tools/bin/../lib/gcc/arm-none-eabi/7.3.1/../../../../arm-none-eabi/lib/thumb/v7-m\libc_nano.a(lib_a-wctomb_r.o)
                0x000000000800d204                __ascii_wctomb
 .text.__malloc_lock
                0x000000000800d21e        0x2 d:/stm32cubeide1.5/stm32cubeide_1.5.0/stm32cubeide/plugins/com.st.stm32cube.ide.mcu.externaltools.gnu-tools-for-stm32.7-2018-q2-update.win32_1.5.0.202011040924/tools/bin/../lib/gcc/arm-none-eabi/7.3.1/../../../../arm-none-eabi/lib/thumb/v7-m\libc_nano.a(lib_a-mlock.o)
                0x000000000800d21e                __malloc_lock
 .text.__malloc_unlock
                0x000000000800d220        0x2 d:/stm32cubeide1.5/stm32cubeide_1.5.0/stm32cubeide/plugins/com.st.stm32cube.ide.mcu.externaltools.gnu-tools-for-stm32.7-2018-q2-update.win32_1.5.0.202011040924/tools/bin/../lib/gcc/arm-none-eabi/7.3.1/../../../../arm-none-eabi/lib/thumb/v7-m\libc_nano.a(lib_a-mlock.o)
                0x000000000800d220                __malloc_unlock
 .text._realloc_r
                0x000000000800d222       0x4c d:/stm32cubeide1.5/stm32cubeide_1.5.0/stm32cubeide/plugins/com.st.stm32cube.ide.mcu.externaltools.gnu-tools-for-stm32.7-2018-q2-update.win32_1.5.0.202011040924/tools/bin/../lib/gcc/arm-none-eabi/7.3.1/../../../../arm-none-eabi/lib/thumb/v7-m\libc_nano.a(lib_a-nano-reallocr.o)
                0x000000000800d222                _realloc_r
 .text.__ssputs_r
                0x000000000800d26e       0xb4 d:/stm32cubeide1.5/stm32cubeide_1.5.0/stm32cubeide/plugins/com.st.stm32cube.ide.mcu.externaltools.gnu-tools-for-stm32.7-2018-q2-update.win32_1.5.0.202011040924/tools/bin/../lib/gcc/arm-none-eabi/7.3.1/../../../../arm-none-eabi/lib/thumb/v7-m\libc_nano.a(lib_a-nano-svfprintf.o)
                0x000000000800d26e                __ssputs_r
 *fill*         0x000000000800d322        0x2 
 .text._svfprintf_r
                0x000000000800d324      0x1f0 d:/stm32cubeide1.5/stm32cubeide_1.5.0/stm32cubeide/plugins/com.st.stm32cube.ide.mcu.externaltools.gnu-tools-for-stm32.7-2018-q2-update.win32_1.5.0.202011040924/tools/bin/../lib/gcc/arm-none-eabi/7.3.1/../../../../arm-none-eabi/lib/thumb/v7-m\libc_nano.a(lib_a-nano-svfprintf.o)
                0x000000000800d324                _svfiprintf_r
                0x000000000800d324                _svfprintf_r
 .text._sungetc_r
                0x000000000800d514       0x7a d:/stm32cubeide1.5/stm32cubeide_1.5.0/stm32cubeide/plugins/com.st.stm32cube.ide.mcu.externaltools.gnu-tools-for-stm32.7-2018-q2-update.win32_1.5.0.202011040924/tools/bin/../lib/gcc/arm-none-eabi/7.3.1/../../../../arm-none-eabi/lib/thumb/v7-m\libc_nano.a(lib_a-nano-svfscanf.o)
                0x000000000800d514                _sungetc_r
 .text.__ssrefill_r
                0x000000000800d58e       0x3a d:/stm32cubeide1.5/stm32cubeide_1.5.0/stm32cubeide/plugins/com.st.stm32cube.ide.mcu.externaltools.gnu-tools-for-stm32.7-2018-q2-update.win32_1.5.0.202011040924/tools/bin/../lib/gcc/arm-none-eabi/7.3.1/../../../../arm-none-eabi/lib/thumb/v7-m\libc_nano.a(lib_a-nano-svfscanf.o)
                0x000000000800d58e                __ssrefill_r
 .text.__ssvfscanf_r
                0x000000000800d5c8      0x2a0 d:/stm32cubeide1.5/stm32cubeide_1.5.0/stm32cubeide/plugins/com.st.stm32cube.ide.mcu.externaltools.gnu-tools-for-stm32.7-2018-q2-update.win32_1.5.0.202011040924/tools/bin/../lib/gcc/arm-none-eabi/7.3.1/../../../../arm-none-eabi/lib/thumb/v7-m\libc_nano.a(lib_a-nano-svfscanf.o)
                0x000000000800d5c8                __ssvfiscanf_r
                0x000000000800d5c8                __ssvfscanf_r
 .text._printf_common
                0x000000000800d868       0xec d:/stm32cubeide1.5/stm32cubeide_1.5.0/stm32cubeide/plugins/com.st.stm32cube.ide.mcu.externaltools.gnu-tools-for-stm32.7-2018-q2-update.win32_1.5.0.202011040924/tools/bin/../lib/gcc/arm-none-eabi/7.3.1/../../../../arm-none-eabi/lib/thumb/v7-m\libc_nano.a(lib_a-nano-vfprintf_i.o)
                0x000000000800d868                _printf_common
 .text._printf_i
                0x000000000800d954      0x224 d:/stm32cubeide1.5/stm32cubeide_1.5.0/stm32cubeide/plugins/com.st.stm32cube.ide.mcu.externaltools.gnu-tools-for-stm32.7-2018-q2-update.win32_1.5.0.202011040924/tools/bin/../lib/gcc/arm-none-eabi/7.3.1/../../../../arm-none-eabi/lib/thumb/v7-m\libc_nano.a(lib_a-nano-vfprintf_i.o)
                0x000000000800d954                _printf_i
 .text._scanf_chars
                0x000000000800db78       0xc4 d:/stm32cubeide1.5/stm32cubeide_1.5.0/stm32cubeide/plugins/com.st.stm32cube.ide.mcu.externaltools.gnu-tools-for-stm32.7-2018-q2-update.win32_1.5.0.202011040924/tools/bin/../lib/gcc/arm-none-eabi/7.3.1/../../../../arm-none-eabi/lib/thumb/v7-m\libc_nano.a(lib_a-nano-vfscanf_i.o)
                0x000000000800db78                _scanf_chars
 .text._scanf_i
                0x000000000800dc3c      0x1ec d:/stm32cubeide1.5/stm32cubeide_1.5.0/stm32cubeide/plugins/com.st.stm32cube.ide.mcu.externaltools.gnu-tools-for-stm32.7-2018-q2-update.win32_1.5.0.202011040924/tools/bin/../lib/gcc/arm-none-eabi/7.3.1/../../../../arm-none-eabi/lib/thumb/v7-m\libc_nano.a(lib_a-nano-vfscanf_i.o)
                0x000000000800dc3c                _scanf_i
 .text.__sccl   0x000000000800de28       0x62 d:/stm32cubeide1.5/stm32cubeide_1.5.0/stm32cubeide/plugins/com.st.stm32cube.ide.mcu.externaltools.gnu-tools-for-stm32.7-2018-q2-update.win32_1.5.0.202011040924/tools/bin/../lib/gcc/arm-none-eabi/7.3.1/../../../../arm-none-eabi/lib/thumb/v7-m\libc_nano.a(lib_a-sccl.o)
                0x000000000800de28                __sccl
 .text._strtol_l.isra.0
                0x000000000800de8a       0xf6 d:/stm32cubeide1.5/stm32cubeide_1.5.0/stm32cubeide/plugins/com.st.stm32cube.ide.mcu.externaltools.gnu-tools-for-stm32.7-2018-q2-update.win32_1.5.0.202011040924/tools/bin/../lib/gcc/arm-none-eabi/7.3.1/../../../../arm-none-eabi/lib/thumb/v7-m\libc_nano.a(lib_a-strtol.o)
 .text._strtol_r
                0x000000000800df80       0x24 d:/stm32cubeide1.5/stm32cubeide_1.5.0/stm32cubeide/plugins/com.st.stm32cube.ide.mcu.externaltools.gnu-tools-for-stm32.7-2018-q2-update.win32_1.5.0.202011040924/tools/bin/../lib/gcc/arm-none-eabi/7.3.1/../../../../arm-none-eabi/lib/thumb/v7-m\libc_nano.a(lib_a-strtol.o)
                0x000000000800df80                _strtol_r
 .text._strtoul_l.isra.0
                0x000000000800dfa4       0xf4 d:/stm32cubeide1.5/stm32cubeide_1.5.0/stm32cubeide/plugins/com.st.stm32cube.ide.mcu.externaltools.gnu-tools-for-stm32.7-2018-q2-update.win32_1.5.0.202011040924/tools/bin/../lib/gcc/arm-none-eabi/7.3.1/../../../../arm-none-eabi/lib/thumb/v7-m\libc_nano.a(lib_a-strtoul.o)
 .text._strtoul_r
                0x000000000800e098       0x24 d:/stm32cubeide1.5/stm32cubeide_1.5.0/stm32cubeide/plugins/com.st.stm32cube.ide.mcu.externaltools.gnu-tools-for-stm32.7-2018-q2-update.win32_1.5.0.202011040924/tools/bin/../lib/gcc/arm-none-eabi/7.3.1/../../../../arm-none-eabi/lib/thumb/v7-m\libc_nano.a(lib_a-strtoul.o)
                0x000000000800e098                _strtoul_r
 .text.__submore
                0x000000000800e0bc       0x70 d:/stm32cubeide1.5/stm32cubeide_1.5.0/stm32cubeide/plugins/com.st.stm32cube.ide.mcu.externaltools.gnu-tools-for-stm32.7-2018-q2-update.win32_1.5.0.202011040924/tools/bin/../lib/gcc/arm-none-eabi/7.3.1/../../../../arm-none-eabi/lib/thumb/v7-m\libc_nano.a(lib_a-ungetc.o)
                0x000000000800e0bc                __submore
 .text.memchr   0x000000000800e12c       0x1c d:/stm32cubeide1.5/stm32cubeide_1.5.0/stm32cubeide/plugins/com.st.stm32cube.ide.mcu.externaltools.gnu-tools-for-stm32.7-2018-q2-update.win32_1.5.0.202011040924/tools/bin/../lib/gcc/arm-none-eabi/7.3.1/../../../../arm-none-eabi/lib/thumb/v7-m\libc_nano.a(lib_a-memchr-stub.o)
                0x000000000800e12c                memchr
 .text.memmove  0x000000000800e148       0x32 d:/stm32cubeide1.5/stm32cubeide_1.5.0/stm32cubeide/plugins/com.st.stm32cube.ide.mcu.externaltools.gnu-tools-for-stm32.7-2018-q2-update.win32_1.5.0.202011040924/tools/bin/../lib/gcc/arm-none-eabi/7.3.1/../../../../arm-none-eabi/lib/thumb/v7-m\libc_nano.a(lib_a-memmove.o)
                0x000000000800e148                memmove
 .text._malloc_usable_size_r
                0x000000000800e17a       0x10 d:/stm32cubeide1.5/stm32cubeide_1.5.0/stm32cubeide/plugins/com.st.stm32cube.ide.mcu.externaltools.gnu-tools-for-stm32.7-2018-q2-update.win32_1.5.0.202011040924/tools/bin/../lib/gcc/arm-none-eabi/7.3.1/../../../../arm-none-eabi/lib/thumb/v7-m\libc_nano.a(lib_a-nano-msizer.o)
                0x000000000800e17a                _malloc_usable_size_r
 *(.glue_7)
 .glue_7        0x000000000800e18a        0x0 linker stubs
 *(.glue_7t)
 .glue_7t       0x000000000800e18a        0x0 linker stubs
 *(.eh_frame)
 *fill*         0x000000000800e18a        0x2 
 .eh_frame      0x000000000800e18c        0x0 d:/stm32cubeide1.5/stm32cubeide_1.5.0/stm32cubeide/plugins/com.st.stm32cube.ide.mcu.externaltools.gnu-tools-for-stm32.7-2018-q2-update.win32_1.5.0.202011040924/tools/bin/../lib/gcc/arm-none-eabi/7.3.1/thumb/v7-m/crtbegin.o
 *(.init)
 .init          0x000000000800e18c        0x4 d:/stm32cubeide1.5/stm32cubeide_1.5.0/stm32cubeide/plugins/com.st.stm32cube.ide.mcu.externaltools.gnu-tools-for-stm32.7-2018-q2-update.win32_1.5.0.202011040924/tools/bin/../lib/gcc/arm-none-eabi/7.3.1/thumb/v7-m/crti.o
                0x000000000800e18c                _init
 .init          0x000000000800e190        0x8 d:/stm32cubeide1.5/stm32cubeide_1.5.0/stm32cubeide/plugins/com.st.stm32cube.ide.mcu.externaltools.gnu-tools-for-stm32.7-2018-q2-update.win32_1.5.0.202011040924/tools/bin/../lib/gcc/arm-none-eabi/7.3.1/thumb/v7-m/crtn.o
 *(.fini)
 .fini          0x000000000800e198        0x4 d:/stm32cubeide1.5/stm32cubeide_1.5.0/stm32cubeide/plugins/com.st.stm32cube.ide.mcu.externaltools.gnu-tools-for-stm32.7-2018-q2-update.win32_1.5.0.202011040924/tools/bin/../lib/gcc/arm-none-eabi/7.3.1/thumb/v7-m/crti.o
                0x000000000800e198                _fini
 .fini          0x000000000800e19c        0x8 d:/stm32cubeide1.5/stm32cubeide_1.5.0/stm32cubeide/plugins/com.st.stm32cube.ide.mcu.externaltools.gnu-tools-for-stm32.7-2018-q2-update.win32_1.5.0.202011040924/tools/bin/../lib/gcc/arm-none-eabi/7.3.1/thumb/v7-m/crtn.o
                0x000000000800e1a4                . = ALIGN (0x4)
                0x000000000800e1a4                _etext = .

.vfp11_veneer   0x000000000800e1a4        0x0
 .vfp11_veneer  0x000000000800e1a4        0x0 linker stubs

.v4_bx          0x000000000800e1a4        0x0
 .v4_bx         0x000000000800e1a4        0x0 linker stubs

.iplt           0x000000000800e1a4        0x0
 .iplt          0x000000000800e1a4        0x0 d:/stm32cubeide1.5/stm32cubeide_1.5.0/stm32cubeide/plugins/com.st.stm32cube.ide.mcu.externaltools.gnu-tools-for-stm32.7-2018-q2-update.win32_1.5.0.202011040924/tools/bin/../lib/gcc/arm-none-eabi/7.3.1/thumb/v7-m/crtbegin.o

.rodata         0x000000000800e1a4      0x680
                0x000000000800e1a4                . = ALIGN (0x4)
 *(.rodata)
 .rodata        0x000000000800e1a4       0x45 Core/Src/cJSON.o
 *fill*         0x000000000800e1e9        0x3 
 .rodata        0x000000000800e1ec      0x35e Core/Src/main.o
 *fill*         0x000000000800e54a        0x2 
 .rodata        0x000000000800e54c       0x12 Drivers/STM32F1xx_HAL_Driver/Src/stm32f1xx_hal_rcc.o
 *fill*         0x000000000800e55e        0x2 
 .rodata        0x000000000800e560       0x12 Drivers/STM32F1xx_HAL_Driver/Src/stm32f1xx_hal_rcc_ex.o
 *fill*         0x000000000800e572        0x2 
 .rodata        0x000000000800e574       0x44 Middlewares/Third_Party/FatFs/src/ff.o
 .rodata        0x000000000800e5b8        0x5 Middlewares/Third_Party/FreeRTOS/Source/tasks.o
 *fill*         0x000000000800e5bd        0x3 
 .rodata        0x000000000800e5c0        0xc d:/stm32cubeide1.5/stm32cubeide_1.5.0/stm32cubeide/plugins/com.st.stm32cube.ide.mcu.externaltools.gnu-tools-for-stm32.7-2018-q2-update.win32_1.5.0.202011040924/tools/bin/../lib/gcc/arm-none-eabi/7.3.1/../../../../arm-none-eabi/lib/thumb/v7-m\libc_nano.a(lib_a-nano-vfscanf_i.o)
 *(.rodata*)
 .rodata.default_buffer_size.6878
                0x000000000800e5cc        0x4 Core/Src/cJSON.o
 .rodata.AHBPrescTable
                0x000000000800e5d0       0x10 Core/Src/system_stm32f1xx.o
                0x000000000800e5d0                AHBPrescTable
 .rodata.APBPrescTable
                0x000000000800e5e0        0x8 Core/Src/system_stm32f1xx.o
                0x000000000800e5e0                APBPrescTable
 .rodata.ExCvt  0x000000000800e5e8       0x80 Middlewares/Third_Party/FatFs/src/ff.o
 .rodata._setlocale_r.str1.1
                0x000000000800e668        0x8 d:/stm32cubeide1.5/stm32cubeide_1.5.0/stm32cubeide/plugins/com.st.stm32cube.ide.mcu.externaltools.gnu-tools-for-stm32.7-2018-q2-update.win32_1.5.0.202011040924/tools/bin/../lib/gcc/arm-none-eabi/7.3.1/../../../../arm-none-eabi/lib/thumb/v7-m\libc_nano.a(lib_a-locale.o)
                                          0x9 (size before relaxing)
 .rodata.str1.1
                0x000000000800e670        0x2 d:/stm32cubeide1.5/stm32cubeide_1.5.0/stm32cubeide/plugins/com.st.stm32cube.ide.mcu.externaltools.gnu-tools-for-stm32.7-2018-q2-update.win32_1.5.0.202011040924/tools/bin/../lib/gcc/arm-none-eabi/7.3.1/../../../../arm-none-eabi/lib/thumb/v7-m\libc_nano.a(lib_a-locale.o)
 .rodata._ctype_
                0x000000000800e672      0x101 d:/stm32cubeide1.5/stm32cubeide_1.5.0/stm32cubeide/plugins/com.st.stm32cube.ide.mcu.externaltools.gnu-tools-for-stm32.7-2018-q2-update.win32_1.5.0.202011040924/tools/bin/../lib/gcc/arm-none-eabi/7.3.1/../../../../arm-none-eabi/lib/thumb/v7-m\libc_nano.a(lib_a-ctype_.o)
                0x000000000800e672                _ctype_
 .rodata._svfprintf_r.str1.1
                0x000000000800e773       0x11 d:/stm32cubeide1.5/stm32cubeide_1.5.0/stm32cubeide/plugins/com.st.stm32cube.ide.mcu.externaltools.gnu-tools-for-stm32.7-2018-q2-update.win32_1.5.0.202011040924/tools/bin/../lib/gcc/arm-none-eabi/7.3.1/../../../../arm-none-eabi/lib/thumb/v7-m\libc_nano.a(lib_a-nano-svfprintf.o)
 .rodata.__ssvfscanf_r.str1.1
                0x000000000800e784        0x4 d:/stm32cubeide1.5/stm32cubeide_1.5.0/stm32cubeide/plugins/com.st.stm32cube.ide.mcu.externaltools.gnu-tools-for-stm32.7-2018-q2-update.win32_1.5.0.202011040924/tools/bin/../lib/gcc/arm-none-eabi/7.3.1/../../../../arm-none-eabi/lib/thumb/v7-m\libc_nano.a(lib_a-nano-svfscanf.o)
 .rodata._printf_i.str1.1
                0x000000000800e784       0x22 d:/stm32cubeide1.5/stm32cubeide_1.5.0/stm32cubeide/plugins/com.st.stm32cube.ide.mcu.externaltools.gnu-tools-for-stm32.7-2018-q2-update.win32_1.5.0.202011040924/tools/bin/../lib/gcc/arm-none-eabi/7.3.1/../../../../arm-none-eabi/lib/thumb/v7-m\libc_nano.a(lib_a-nano-vfprintf_i.o)
 .rodata._scanf_i.str1.1
                0x000000000800e7a6       0x12 d:/stm32cubeide1.5/stm32cubeide_1.5.0/stm32cubeide/plugins/com.st.stm32cube.ide.mcu.externaltools.gnu-tools-for-stm32.7-2018-q2-update.win32_1.5.0.202011040924/tools/bin/../lib/gcc/arm-none-eabi/7.3.1/../../../../arm-none-eabi/lib/thumb/v7-m\libc_nano.a(lib_a-nano-vfscanf_i.o)
 .rodata.str1.1
                0x000000000800e7b8        0x9 d:/stm32cubeide1.5/stm32cubeide_1.5.0/stm32cubeide/plugins/com.st.stm32cube.ide.mcu.externaltools.gnu-tools-for-stm32.7-2018-q2-update.win32_1.5.0.202011040924/tools/bin/../lib/gcc/arm-none-eabi/7.3.1/../../../../arm-none-eabi/lib/thumb/v7-m\libc_nano.a(lib_a-nano-vfscanf_i.o)
 *fill*         0x000000000800e7c1        0x3 
 .rodata.__sf_fake_stderr
                0x000000000800e7c4       0x20 d:/stm32cubeide1.5/stm32cubeide_1.5.0/stm32cubeide/plugins/com.st.stm32cube.ide.mcu.externaltools.gnu-tools-for-stm32.7-2018-q2-update.win32_1.5.0.202011040924/tools/bin/../lib/gcc/arm-none-eabi/7.3.1/../../../../arm-none-eabi/lib/thumb/v7-m\libc_nano.a(lib_a-findfp.o)
                0x000000000800e7c4                __sf_fake_stderr
 .rodata.__sf_fake_stdin
                0x000000000800e7e4       0x20 d:/stm32cubeide1.5/stm32cubeide_1.5.0/stm32cubeide/plugins/com.st.stm32cube.ide.mcu.externaltools.gnu-tools-for-stm32.7-2018-q2-update.win32_1.5.0.202011040924/tools/bin/../lib/gcc/arm-none-eabi/7.3.1/../../../../arm-none-eabi/lib/thumb/v7-m\libc_nano.a(lib_a-findfp.o)
                0x000000000800e7e4                __sf_fake_stdin
 .rodata.__sf_fake_stdout
                0x000000000800e804       0x20 d:/stm32cubeide1.5/stm32cubeide_1.5.0/stm32cubeide/plugins/com.st.stm32cube.ide.mcu.externaltools.gnu-tools-for-stm32.7-2018-q2-update.win32_1.5.0.202011040924/tools/bin/../lib/gcc/arm-none-eabi/7.3.1/../../../../arm-none-eabi/lib/thumb/v7-m\libc_nano.a(lib_a-findfp.o)
                0x000000000800e804                __sf_fake_stdout
                0x000000000800e824                . = ALIGN (0x4)

.rel.dyn        0x000000000800e824        0x0
 .rel.iplt      0x000000000800e824        0x0 d:/stm32cubeide1.5/stm32cubeide_1.5.0/stm32cubeide/plugins/com.st.stm32cube.ide.mcu.externaltools.gnu-tools-for-stm32.7-2018-q2-update.win32_1.5.0.202011040924/tools/bin/../lib/gcc/arm-none-eabi/7.3.1/thumb/v7-m/crtbegin.o

.ARM.extab      0x000000000800e824        0x0
                0x000000000800e824                . = ALIGN (0x4)
 *(.ARM.extab* .gnu.linkonce.armextab.*)
                0x000000000800e824                . = ALIGN (0x4)

.ARM            0x000000000800e824        0x0
                0x000000000800e824                . = ALIGN (0x4)
                0x000000000800e824                __exidx_start = .
 *(.ARM.exidx*)
                0x000000000800e824                __exidx_end = .
                0x000000000800e824                . = ALIGN (0x4)

.preinit_array  0x000000000800e824        0x0
                0x000000000800e824                . = ALIGN (0x4)
                0x000000000800e824                PROVIDE (__preinit_array_start = .)
 *(.preinit_array*)
                0x000000000800e824                PROVIDE (__preinit_array_end = .)
                0x000000000800e824                . = ALIGN (0x4)

.init_array     0x000000000800e824        0x4
                0x000000000800e824                . = ALIGN (0x4)
                0x000000000800e824                PROVIDE (__init_array_start = .)
 *(SORT_BY_NAME(.init_array.*))
 *(.init_array*)
 .init_array    0x000000000800e824        0x4 d:/stm32cubeide1.5/stm32cubeide_1.5.0/stm32cubeide/plugins/com.st.stm32cube.ide.mcu.externaltools.gnu-tools-for-stm32.7-2018-q2-update.win32_1.5.0.202011040924/tools/bin/../lib/gcc/arm-none-eabi/7.3.1/thumb/v7-m/crtbegin.o
                0x000000000800e828                PROVIDE (__init_array_end = .)
                0x000000000800e828                . = ALIGN (0x4)

.fini_array     0x000000000800e828        0x4
                0x000000000800e828                . = ALIGN (0x4)
                [!provide]                        PROVIDE (__fini_array_start = .)
 *(SORT_BY_NAME(.fini_array.*))
 *(.fini_array*)
 .fini_array    0x000000000800e828        0x4 d:/stm32cubeide1.5/stm32cubeide_1.5.0/stm32cubeide/plugins/com.st.stm32cube.ide.mcu.externaltools.gnu-tools-for-stm32.7-2018-q2-update.win32_1.5.0.202011040924/tools/bin/../lib/gcc/arm-none-eabi/7.3.1/thumb/v7-m/crtbegin.o
                [!provide]                        PROVIDE (__fini_array_end = .)
                0x000000000800e82c                . = ALIGN (0x4)
                0x000000000800e82c                _sidata = LOADADDR (.data)

.data           0x0000000020000000      0x204 load address 0x000000000800e82c
                0x0000000020000000                . = ALIGN (0x4)
                0x0000000020000000                _sdata = .
 *(.data)
 *(.data*)
 .data.global_hooks
                0x0000000020000000        0xc Core/Src/cJSON.o
 .data.Stat     0x000000002000000c        0x1 Core/Src/fatfs_sd.o
 *fill*         0x000000002000000d        0x3 
 .data.SystemCoreClock
                0x0000000020000010        0x4 Core/Src/system_stm32f1xx.o
                0x0000000020000010                SystemCoreClock
 .data.uwTickPrio
                0x0000000020000014        0x4 Drivers/STM32F1xx_HAL_Driver/Src/stm32f1xx_hal.o
                0x0000000020000014                uwTickPrio
 .data.uwTickFreq
                0x0000000020000018        0x1 Drivers/STM32F1xx_HAL_Driver/Src/stm32f1xx_hal.o
                0x0000000020000018                uwTickFreq
 *fill*         0x0000000020000019        0x3 
 .data.USER_Driver
                0x000000002000001c       0x14 FATFS/Target/user_diskio.o
                0x000000002000001c                USER_Driver
 .data.uxCriticalNesting
                0x0000000020000030        0x4 Middlewares/Third_Party/FreeRTOS/Source/portable/GCC/ARM_CM3/port.o
 .data._impure_ptr
                0x0000000020000034        0x4 d:/stm32cubeide1.5/stm32cubeide_1.5.0/stm32cubeide/plugins/com.st.stm32cube.ide.mcu.externaltools.gnu-tools-for-stm32.7-2018-q2-update.win32_1.5.0.202011040924/tools/bin/../lib/gcc/arm-none-eabi/7.3.1/../../../../arm-none-eabi/lib/thumb/v7-m\libc_nano.a(lib_a-impure.o)
                0x0000000020000034                _impure_ptr
 .data.impure_data
                0x0000000020000038       0x60 d:/stm32cubeide1.5/stm32cubeide_1.5.0/stm32cubeide/plugins/com.st.stm32cube.ide.mcu.externaltools.gnu-tools-for-stm32.7-2018-q2-update.win32_1.5.0.202011040924/tools/bin/../lib/gcc/arm-none-eabi/7.3.1/../../../../arm-none-eabi/lib/thumb/v7-m\libc_nano.a(lib_a-impure.o)
 .data.__global_locale
                0x0000000020000098      0x16c d:/stm32cubeide1.5/stm32cubeide_1.5.0/stm32cubeide/plugins/com.st.stm32cube.ide.mcu.externaltools.gnu-tools-for-stm32.7-2018-q2-update.win32_1.5.0.202011040924/tools/bin/../lib/gcc/arm-none-eabi/7.3.1/../../../../arm-none-eabi/lib/thumb/v7-m\libc_nano.a(lib_a-locale.o)
                0x0000000020000098                __global_locale
 *(.RamFunc)
 *(.RamFunc*)
                0x0000000020000204                . = ALIGN (0x4)
                0x0000000020000204                _edata = .

.igot.plt       0x0000000020000204        0x0 load address 0x000000000800ea30
 .igot.plt      0x0000000020000204        0x0 d:/stm32cubeide1.5/stm32cubeide_1.5.0/stm32cubeide/plugins/com.st.stm32cube.ide.mcu.externaltools.gnu-tools-for-stm32.7-2018-q2-update.win32_1.5.0.202011040924/tools/bin/../lib/gcc/arm-none-eabi/7.3.1/thumb/v7-m/crtbegin.o
                0x0000000020000204                . = ALIGN (0x4)

.bss            0x0000000020000204     0x2e48 load address 0x000000000800ea30
                0x0000000020000204                _sbss = .
                0x0000000020000204                __bss_start__ = _sbss
 *(.bss)
 .bss           0x0000000020000204       0x1c d:/stm32cubeide1.5/stm32cubeide_1.5.0/stm32cubeide/plugins/com.st.stm32cube.ide.mcu.externaltools.gnu-tools-for-stm32.7-2018-q2-update.win32_1.5.0.202011040924/tools/bin/../lib/gcc/arm-none-eabi/7.3.1/thumb/v7-m/crtbegin.o
 *(.bss*)
 .bss.CardType  0x0000000020000220        0x1 Core/Src/fatfs_sd.o
 .bss.PowerFlag
                0x0000000020000221        0x1 Core/Src/fatfs_sd.o
 *fill*         0x0000000020000222        0x2 
 .bss.xIdleTaskTCBBuffer
                0x0000000020000224       0x54 Core/Src/freertos.o
 .bss.xIdleStack
                0x0000000020000278      0x278 Core/Src/freertos.o
 .bss.counter   0x00000000200004f0        0x4 Core/Src/main.o
                0x00000000200004f0                counter
 .bss.stop      0x00000000200004f4        0x4 Core/Src/main.o
                0x00000000200004f4                stop
 .bss.size      0x00000000200004f8        0x4 Core/Src/main.o
                0x00000000200004f8                size
 .bss.sTime     0x00000000200004fc        0x3 Core/Src/main.o
                0x00000000200004fc                sTime
 *fill*         0x00000000200004ff        0x1 
 .bss.DateToUpdate
                0x0000000020000500        0x4 Core/Src/main.o
                0x0000000020000500                DateToUpdate
 .bss.main_recieve
                0x0000000020000504        0x4 Core/Src/main.o
                0x0000000020000504                main_recieve
 .bss.send_data
                0x0000000020000508        0x4 Core/Src/main.o
                0x0000000020000508                send_data
 .bss.sd_card   0x000000002000050c        0x4 Core/Src/main.o
                0x000000002000050c                sd_card
 .bss.__sbrk_heap_end
                0x0000000020000510        0x4 Core/Src/sysmem.o
 .bss.FatFs     0x0000000020000514        0x4 Middlewares/Third_Party/FatFs/src/ff.o
 .bss.Fsid      0x0000000020000518        0x2 Middlewares/Third_Party/FatFs/src/ff.o
 *fill*         0x000000002000051a        0x2 
 .bss.Files     0x000000002000051c       0x18 Middlewares/Third_Party/FatFs/src/ff.o
 .bss.disk      0x0000000020000534        0xc Middlewares/Third_Party/FatFs/src/ff_gen_drv.o
                0x0000000020000534                disk
 .bss.pxCurrentTCB
                0x0000000020000540        0x4 Middlewares/Third_Party/FreeRTOS/Source/tasks.o
                0x0000000020000540                pxCurrentTCB
 .bss.pxReadyTasksLists
                0x0000000020000544       0x8c Middlewares/Third_Party/FreeRTOS/Source/tasks.o
 .bss.xDelayedTaskList1
                0x00000000200005d0       0x14 Middlewares/Third_Party/FreeRTOS/Source/tasks.o
 .bss.xDelayedTaskList2
                0x00000000200005e4       0x14 Middlewares/Third_Party/FreeRTOS/Source/tasks.o
 .bss.pxDelayedTaskList
                0x00000000200005f8        0x4 Middlewares/Third_Party/FreeRTOS/Source/tasks.o
 .bss.pxOverflowDelayedTaskList
                0x00000000200005fc        0x4 Middlewares/Third_Party/FreeRTOS/Source/tasks.o
 .bss.xPendingReadyList
                0x0000000020000600       0x14 Middlewares/Third_Party/FreeRTOS/Source/tasks.o
 .bss.xTasksWaitingTermination
                0x0000000020000614       0x14 Middlewares/Third_Party/FreeRTOS/Source/tasks.o
 .bss.uxDeletedTasksWaitingCleanUp
                0x0000000020000628        0x4 Middlewares/Third_Party/FreeRTOS/Source/tasks.o
 .bss.xSuspendedTaskList
                0x000000002000062c       0x14 Middlewares/Third_Party/FreeRTOS/Source/tasks.o
 .bss.uxCurrentNumberOfTasks
                0x0000000020000640        0x4 Middlewares/Third_Party/FreeRTOS/Source/tasks.o
 .bss.xTickCount
                0x0000000020000644        0x4 Middlewares/Third_Party/FreeRTOS/Source/tasks.o
 .bss.uxTopReadyPriority
                0x0000000020000648        0x4 Middlewares/Third_Party/FreeRTOS/Source/tasks.o
 .bss.xSchedulerRunning
                0x000000002000064c        0x4 Middlewares/Third_Party/FreeRTOS/Source/tasks.o
 .bss.uxPendedTicks
                0x0000000020000650        0x4 Middlewares/Third_Party/FreeRTOS/Source/tasks.o
 .bss.xYieldPending
                0x0000000020000654        0x4 Middlewares/Third_Party/FreeRTOS/Source/tasks.o
 .bss.xNumOfOverflows
                0x0000000020000658        0x4 Middlewares/Third_Party/FreeRTOS/Source/tasks.o
 .bss.uxTaskNumber
                0x000000002000065c        0x4 Middlewares/Third_Party/FreeRTOS/Source/tasks.o
 .bss.xNextTaskUnblockTime
                0x0000000020000660        0x4 Middlewares/Third_Party/FreeRTOS/Source/tasks.o
 .bss.xIdleTaskHandle
                0x0000000020000664        0x4 Middlewares/Third_Party/FreeRTOS/Source/tasks.o
 .bss.uxSchedulerSuspended
                0x0000000020000668        0x4 Middlewares/Third_Party/FreeRTOS/Source/tasks.o
 .bss.ucMaxSysCallPriority
                0x000000002000066c        0x1 Middlewares/Third_Party/FreeRTOS/Source/portable/GCC/ARM_CM3/port.o
 *fill*         0x000000002000066d        0x3 
 .bss.ulMaxPRIGROUPValue
                0x0000000020000670        0x4 Middlewares/Third_Party/FreeRTOS/Source/portable/GCC/ARM_CM3/port.o
 .bss.ucHeap    0x0000000020000674     0x106c Middlewares/Third_Party/FreeRTOS/Source/portable/MemMang/heap_4.o
 .bss.xStart    0x00000000200016e0        0x8 Middlewares/Third_Party/FreeRTOS/Source/portable/MemMang/heap_4.o
 .bss.pxEnd     0x00000000200016e8        0x4 Middlewares/Third_Party/FreeRTOS/Source/portable/MemMang/heap_4.o
 .bss.xFreeBytesRemaining
                0x00000000200016ec        0x4 Middlewares/Third_Party/FreeRTOS/Source/portable/MemMang/heap_4.o
 .bss.xMinimumEverFreeBytesRemaining
                0x00000000200016f0        0x4 Middlewares/Third_Party/FreeRTOS/Source/portable/MemMang/heap_4.o
 .bss.xBlockAllocatedBit
                0x00000000200016f4        0x4 Middlewares/Third_Party/FreeRTOS/Source/portable/MemMang/heap_4.o
 .bss.__malloc_free_list
                0x00000000200016f8        0x4 d:/stm32cubeide1.5/stm32cubeide_1.5.0/stm32cubeide/plugins/com.st.stm32cube.ide.mcu.externaltools.gnu-tools-for-stm32.7-2018-q2-update.win32_1.5.0.202011040924/tools/bin/../lib/gcc/arm-none-eabi/7.3.1/../../../../arm-none-eabi/lib/thumb/v7-m\libc_nano.a(lib_a-nano-mallocr.o)
                0x00000000200016f8                __malloc_free_list
 .bss.__malloc_sbrk_start
                0x00000000200016fc        0x4 d:/stm32cubeide1.5/stm32cubeide_1.5.0/stm32cubeide/plugins/com.st.stm32cube.ide.mcu.externaltools.gnu-tools-for-stm32.7-2018-q2-update.win32_1.5.0.202011040924/tools/bin/../lib/gcc/arm-none-eabi/7.3.1/../../../../arm-none-eabi/lib/thumb/v7-m\libc_nano.a(lib_a-nano-mallocr.o)
                0x00000000200016fc                __malloc_sbrk_start
 *(COMMON)
 COMMON         0x0000000020001700     0x1450 Core/Src/main.o
                0x0000000020001700                fre_clust
                0x0000000020001704                f
                0x0000000020001930                fs
                0x0000000020001b64                d1
                0x0000000020001d90                dat3
                0x0000000020001db8                g
                0x0000000020001fe4                queue
                0x0000000020002310                huart1
                0x0000000020002350                c1
                0x000000002000257c                buffer
                0x00000000200025e0                hrtc