stm32f1xx_hal_rtc.c:275:19:HAL_RTC_Init	24	static
stm32f1xx_hal_rtc.c:411:19:HAL_RTC_DeInit	16	static
stm32f1xx_hal_rtc.c:650:13:HAL_RTC_MspInit	16	static
stm32f1xx_hal_rtc.c:665:13:HAL_RTC_MspDeInit	16	static
stm32f1xx_hal_rtc.c:703:19:HAL_RTC_SetTime	40	static
stm32f1xx_hal_rtc.c:802:19:HAL_RTC_GetTime	40	static
stm32f1xx_hal_rtc.c:913:19:HAL_RTC_SetDate	40	static
stm32f1xx_hal_rtc.c:1031:19:HAL_RTC_GetDate	32	static
stm32f1xx_hal_rtc.c:1096:19:HAL_RTC_SetAlarm	48	static
stm32f1xx_hal_rtc.c:1188:19:HAL_RTC_SetAlarm_IT	48	static
stm32f1xx_hal_rtc.c:1293:19:HAL_RTC_GetAlarm	32	static
stm32f1xx_hal_rtc.c:1338:19:HAL_RTC_DeactivateAlarm	16	static
stm32f1xx_hal_rtc.c:1408:6:HAL_RTC_AlarmIRQHandler	16	static
stm32f1xx_hal_rtc.c:1440:13:HAL_RTC_AlarmAEventCallback	16	static
stm32f1xx_hal_rtc.c:1456:19:HAL_RTC_PollForAlarmAEvent	24	static
stm32f1xx_hal_rtc.c:1511:21:HAL_RTC_GetState	16	static
stm32f1xx_hal_rtc.c:1544:19:HAL_RTC_WaitForSynchro	24	static
stm32f1xx_hal_rtc.c:1591:17:RTC_ReadTimeCounter	32	static
stm32f1xx_hal_rtc.c:1623:26:RTC_WriteTimeCounter	24	static
stm32f1xx_hal_rtc.c:1655:17:RTC_ReadAlarmCounter	24	static
stm32f1xx_hal_rtc.c:1672:26:RTC_WriteAlarmCounter	24	static
stm32f1xx_hal_rtc.c:1704:26:RTC_EnterInitMode	24	static
stm32f1xx_hal_rtc.c:1731:26:RTC_ExitInitMode	24	static
stm32f1xx_hal_rtc.c:1756:16:RTC_ByteToBcd2	24	static
stm32f1xx_hal_rtc.c:1774:16:RTC_Bcd2ToByte	24	static
stm32f1xx_hal_rtc.c:1788:13:RTC_DateUpdate	32	static
stm32f1xx_hal_rtc.c:1888:16:RTC_IsLeapYear	16	static
stm32f1xx_hal_rtc.c:1925:16:RTC_WeekDayNum	24	static
