cJSON.c:93:28:cJSON_GetErrorPtr	4	static
cJSON.c:98:22:cJSON_GetStringValue	16	static
cJSON.c:108:22:cJSON_GetNumberValue	24	static
cJSON.c:123:27:cJSON_Version	16	static
cJSON.c:132:12:case_insensitive_strcmp	32	static
cJSON.c:187:23:cJSON_strdup	24	static
cJSON.c:208:20:cJSON_InitHooks	16	static
cJSON.c:240:15:cJSON_New_Item	24	static
cJSON.c:252:20:cJSON_Delete	24	static
cJSON.c:276:22:get_decimal_point	4	static
cJSON.c:304:19:parse_number	112	static
cJSON.c:381:22:cJSON_SetNumberHelper	32	static
cJSON.c:399:21:cJSON_SetValuestring	32	static
cJSON.c:438:23:ensure	24	static
cJSON.c:524:13:update_offset	32	static
cJSON.c:537:19:compare_double	64	static
cJSON.c:544:19:print_number	96	static
cJSON.c:610:17:parse_hex4	24	static
cJSON.c:647:22:utf16_literal_to_utf8	48	static
cJSON.c:768:19:parse_string	48	static
cJSON.c:897:19:print_string_ptr	40	static
cJSON.c:1019:19:print_string	16	static
cJSON.c:1033:22:buffer_skip_whitespace	16	static
cJSON.c:1059:22:skip_utf8_bom	16	static
cJSON.c:1074:23:cJSON_ParseWithOpts	32	static
cJSON.c:1090:23:cJSON_ParseWithLengthOpts	64	static
cJSON.c:1170:23:cJSON_Parse	16	static
cJSON.c:1175:23:cJSON_ParseWithLength	16	static
cJSON.c:1182:23:print	64	static
cJSON.c:1247:22:cJSON_Print	16	static
cJSON.c:1252:22:cJSON_PrintUnformatted	16	static
cJSON.c:1257:22:cJSON_PrintBuffered	64	static
cJSON.c:1287:26:cJSON_PrintPreallocated	64	static
cJSON.c:1307:19:parse_value	16	static
cJSON.c:1362:19:print_value	24	static
cJSON.c:1436:19:parse_array	32	static
cJSON.c:1534:19:print_array	32	static
cJSON.c:1596:19:parse_object	32	static
cJSON.c:1709:19:print_object	40	static
cJSON.c:1823:19:cJSON_GetArraySize	24	static
cJSON.c:1846:15:get_array_item	24	static
cJSON.c:1865:23:cJSON_GetArrayItem	16	static
cJSON.c:1875:15:get_object_item	32	static
cJSON.c:1907:23:cJSON_GetObjectItem	16	static
cJSON.c:1912:23:cJSON_GetObjectItemCaseSensitive	16	static
cJSON.c:1917:26:cJSON_HasObjectItem	16	static
cJSON.c:1923:13:suffix_object	16	static
cJSON.c:1930:15:create_reference	24	static
cJSON.c:1951:19:add_item_to_array	24	static
cJSON.c:1985:26:cJSON_AddItemToArray	16	static
cJSON.c:1997:14:cast_away_const	16	static
cJSON.c:2006:19:add_item_to_object	32	static
cJSON.c:2043:26:cJSON_AddItemToObject	32	static
cJSON.c:2049:26:cJSON_AddItemToObjectCS	32	static
cJSON.c:2054:26:cJSON_AddItemReferenceToArray	16	static
cJSON.c:2064:26:cJSON_AddItemReferenceToObject	32	static
cJSON.c:2074:22:cJSON_AddNullToObject	32	static
cJSON.c:2086:22:cJSON_AddTrueToObject	32	static
cJSON.c:2098:22:cJSON_AddFalseToObject	32	static
cJSON.c:2110:22:cJSON_AddBoolToObject	40	static
cJSON.c:2122:22:cJSON_AddNumberToObject	40	static
cJSON.c:2134:22:cJSON_AddStringToObject	40	static
cJSON.c:2146:22:cJSON_AddRawToObject	40	static
cJSON.c:2158:22:cJSON_AddObjectToObject	32	static
cJSON.c:2170:22:cJSON_AddArrayToObject	32	static
cJSON.c:2182:23:cJSON_DetachItemViaPointer	16	static
cJSON.c:2218:23:cJSON_DetachItemFromArray	16	static
cJSON.c:2228:20:cJSON_DeleteItemFromArray	16	static
cJSON.c:2233:23:cJSON_DetachItemFromObject	24	static
cJSON.c:2240:23:cJSON_DetachItemFromObjectCaseSensitive	24	static
cJSON.c:2247:20:cJSON_DeleteItemFromObject	16	static
cJSON.c:2252:20:cJSON_DeleteItemFromObjectCaseSensitive	16	static
cJSON.c:2258:26:cJSON_InsertItemInArray	32	static
cJSON.c:2287:26:cJSON_ReplaceItemViaPointer	24	static
cJSON.c:2336:26:cJSON_ReplaceItemInArray	24	static
cJSON.c:2346:19:replace_item_in_object	24	static
cJSON.c:2364:26:cJSON_ReplaceItemInObject	24	static
cJSON.c:2369:26:cJSON_ReplaceItemInObjectCaseSensitive	24	static
cJSON.c:2375:23:cJSON_CreateNull	16	static
cJSON.c:2386:23:cJSON_CreateTrue	16	static
cJSON.c:2397:23:cJSON_CreateFalse	16	static
cJSON.c:2408:23:cJSON_CreateBool	24	static
cJSON.c:2419:23:cJSON_CreateNumber	32	static
cJSON.c:2445:23:cJSON_CreateString	24	static
cJSON.c:2462:23:cJSON_CreateStringReference	24	static
cJSON.c:2474:23:cJSON_CreateObjectReference	24	static
cJSON.c:2485:23:cJSON_CreateArrayReference	24	static
cJSON.c:2495:23:cJSON_CreateRaw	24	static
cJSON.c:2512:23:cJSON_CreateArray	16	static
cJSON.c:2523:23:cJSON_CreateObject	16	static
cJSON.c:2535:23:cJSON_CreateIntArray	40	static
cJSON.c:2575:23:cJSON_CreateFloatArray	40	static
cJSON.c:2615:23:cJSON_CreateDoubleArray	40	static
cJSON.c:2655:23:cJSON_CreateStringArray	32	static
cJSON.c:2696:23:cJSON_Duplicate	40	static
cJSON.c:2779:13:skip_oneline_comment	16	static
cJSON.c:2792:13:skip_multiline_comment	16	static
cJSON.c:2806:13:minify_string	16	static
cJSON.c:2828:20:cJSON_Minify	24	static
cJSON.c:2876:26:cJSON_IsInvalid	16	static
cJSON.c:2886:26:cJSON_IsFalse	16	static
cJSON.c:2896:26:cJSON_IsTrue	16	static
cJSON.c:2907:26:cJSON_IsBool	16	static
cJSON.c:2916:26:cJSON_IsNull	16	static
cJSON.c:2926:26:cJSON_IsNumber	16	static
cJSON.c:2936:26:cJSON_IsString	16	static
cJSON.c:2946:26:cJSON_IsArray	16	static
cJSON.c:2956:26:cJSON_IsObject	16	static
cJSON.c:2966:26:cJSON_IsRaw	16	static
cJSON.c:2976:26:cJSON_Compare	48	static
cJSON.c:3101:22:cJSON_malloc	16	static
cJSON.c:3106:20:cJSON_free	16	static
