core_cm3.h:1511:22:__NVIC_EnableIRQ	16	static
main.c:105:5:main	16	static
main.c:305:6:main_reciever	64	static
main.c:364:7:send_datas	8	static
main.c:395:7:wifisender	264	static
main.c:456:7:divide_send	144	static
main.c:484:6:sdcard_status	8	static
main.c:511:6:USART1_IRQHandler	8	static
main.c:534:6:sd_check_send	16	static
main.c:553:6:queuer	32	static
main.c:625:8:json_conversion	496	static
main.c:744:6:sd_send	120	static
main.c:844:5:sd_check	152	static
main.c:900:6:wifi_connection_setup	8	static
main.c:916:6:sd_to_sram	16	static
main.c:941:5:check_sram	40	static
main.c:961:6:integer_2_string	24	static
main.c:972:5:sd_data_check	88	static
main.c:1014:6:datas	24	static
main.c:1025:6:datas2	24	static
main.c:1040:5:bufsize	24	static
main.c:1046:5:check	136	static
main.c:1090:6:join	40	static
main.c:1134:6:currenttime	264	static
main.c:1176:6:currentdate	240	static
main.c:1217:7:itoa	40	static
main.c:1241:6:queue_send	16	static
main.c:1253:6:id_time_storage	136	static
main.c:1307:6:SystemClock_Config	88	static
main.c:1347:13:MX_RTC_Init	24	static
main.c:1403:6:RTCinit	24	static
main.c:1469:13:MX_SPI1_Init	8	static
main.c:1507:13:MX_USART1_UART_Init	8	static
main.c:1540:13:MX_USART2_UART_Init	8	static
main.c:1573:13:MX_GPIO_Init	40	static
main.c:1614:6:HAL_TIM_PeriodElapsedCallback	16	static
main.c:1631:6:Error_Handler	4	static
